 SQLite.Interop.084

 Timestamp is 50ee39fe (Thu Jan 10 12:48:14 2013)

 Preferred load address is 10000000

 Start         Length     Name                   Class
 0001:00000000 00101374H .text                   CODE
 0002:00000000 00004610H .rdata                  DATA
 0002:00004610 0000007bH .rdata$debug            DATA
 0002:0000468c 000000acH .xdata                  DATA
 0002:00004738 00000014H .idata$2                DATA
 0002:0000474c 00000014H .idata$3                DATA
 0002:00004760 00000214H .idata$4                DATA
 0002:00004974 0000000cH .idata$6                DATA
 0002:00004980 00002144H .edata                  DATA
 0003:00000000 00000214H .idata$5                DATA
 0003:00000214 00000004H .CRT$XCA                DATA
 0003:00000218 00000004H .CRT$XCAA               DATA
 0003:0000021c 00000004H .CRT$XCZ                DATA
 0003:00000220 00000004H .CRT$XIA                DATA
 0003:00000224 00000004H .CRT$XIZ                DATA
 0003:00000228 00000004H .CRT$XPA                DATA
 0003:0000022c 00000004H .CRT$XPZ                DATA
 0003:00000230 00000004H .CRT$XTA                DATA
 0003:00000234 00000004H .CRT$XTZ                DATA
 0003:00000238 000e4424H .data                   DATA
 0003:000e4660 0000387cH .bss                    DATA
 0004:00000000 000041c0H .pdata                  DATA
 0005:00000000 00000058H .rsrc$01                DATA
 0005:00000060 00000528H .rsrc$02                DATA

  Address         Publics by Value              Rva+Base       Lib:Object

 0000:00000000       ___safe_se_handler_table   00000000     <absolute>
 0000:00000000       ___safe_se_handler_count   00000000     <absolute>
 0001:00000000       GetCurrentProcessId        10001000 f i interop.obj
 0001:00000020       sqlite3_compileoption_used 10001020 f   interop.obj
 0001:0000014c       sqlite3_compileoption_get  1000114c f   interop.obj
 0001:000001ac       sqlite3_status             100011ac f   interop.obj
 0001:0000028c       sqlite3_db_status          1000128c f   interop.obj
 0001:00004294       sqlite3_vfs_find           10005294 f   interop.obj
 0001:00004378       sqlite3_vfs_register       10005378 f   interop.obj
 0001:0000459c       sqlite3_vfs_unregister     1000559c f   interop.obj
 0001:00005294       sqlite3_mutex_alloc        10006294 f   interop.obj
 0001:00005374       sqlite3_mutex_free         10006374 f   interop.obj
 0001:000053a8       sqlite3_mutex_enter        100063a8 f   interop.obj
 0001:000053dc       sqlite3_mutex_try          100063dc f   interop.obj
 0001:0000543c       sqlite3_mutex_leave        1000643c f   interop.obj
 0001:00005470       sqlite3_mutex_held         10006470 f   interop.obj
 0001:000054dc       sqlite3_mutex_notheld      100064dc f   interop.obj
 0001:0000606c       sqlite3_release_memory     1000706c f   interop.obj
 0001:00006090       sqlite3_memory_alarm       10007090 f   interop.obj
 0001:00006250       sqlite3_soft_heap_limit64  10007250 f   interop.obj
 0001:00006418       sqlite3_soft_heap_limit    10007418 f   interop.obj
 0001:0000644c       sqlite3_memory_used        1000744c f   interop.obj
 0001:0000649c       sqlite3_memory_highwater   1000749c f   interop.obj
 0001:000069b0       sqlite3_malloc             100079b0 f   interop.obj
 0001:00006c08       sqlite3_free               10007c08 f   interop.obj
 0001:00007130       sqlite3_realloc            10008130 f   interop.obj
 0001:00007704       sqlite3_vmprintf           10008704 f   interop.obj
 0001:0000a148       sqlite3_mprintf            1000b148 f   interop.obj
 0001:0000a1b8       sqlite3_vsnprintf          1000b1b8 f   interop.obj
 0001:0000a230       sqlite3_snprintf           1000b230 f   interop.obj
 0001:0000a288       sqlite3_log                1000b288 f   interop.obj
 0001:0000a370       sqlite3_randomness         1000b370 f   interop.obj
 0001:0000a7d4       sqlite3_stricmp            1000b7d4 f   interop.obj
 0001:0000a8a8       sqlite3_strnicmp           1000b8a8 f   interop.obj
 0001:0000b94c       sqlite3_win32_write_debug  1000c94c f   interop.obj
 0001:0000bac8       sqlite3_win32_sleep        1000cac8 f   interop.obj
 0001:0000baf0       sqlite3_win32_mbcs_to_utf8 1000caf0 f   interop.obj
 0001:0000bd9c       sqlite3_win32_utf8_to_mbcs 1000cd9c f   interop.obj
 0001:0000c040       sqlite3_win32_set_directory 1000d040 f   interop.obj
 0001:0000c1b8       localtime                  1000d1b8 f   interop.obj
 0001:00010088       sqlite3_os_init            10011088 f   interop.obj
 0001:000100b4       sqlite3_os_end             100110b4 f   interop.obj
 0001:00012940       sqlite3_enable_shared_cache 10013940 f   interop.obj
 0001:000129a4       sqlite3_backup_init        100139a4 f   interop.obj
 0001:00013c0c       sqlite3_backup_step        10014c0c f   interop.obj
 0001:000273d4       sqlite3_backup_finish      100283d4 f   interop.obj
 0001:00028c34       sqlite3_backup_remaining   10029c34 f   interop.obj
 0001:00028c60       sqlite3_backup_pagecount   10029c60 f   interop.obj
 0001:0002a278       sqlite3_sql                1002b278 f   interop.obj
 0001:0002aa1c       sqlite3_expired            1002ba1c f   interop.obj
 0001:0002aa7c       sqlite3_finalize           1002ba7c f   interop.obj
 0001:0002dc68       sqlite3_reset              1002ec68 f   interop.obj
 0001:0002def0       sqlite3_clear_bindings     1002eef0 f   interop.obj
 0001:0002e008       sqlite3_value_blob         1002f008 f   interop.obj
 0001:0002e0ec       sqlite3_value_bytes        1002f0ec f   interop.obj
 0001:0002f7fc       sqlite3_value_bytes16      100307fc f   interop.obj
 0001:0002f85c       sqlite3_value_double       1003085c f   interop.obj
 0001:0002fa28       sqlite3_value_int          10030a28 f   interop.obj
 0001:000302d4       sqlite3_value_int64        100312d4 f   interop.obj
 0001:00030314       sqlite3_value_text         10031314 f   interop.obj
 0001:00030348       sqlite3_value_text16       10031348 f   interop.obj
 0001:000303a8       sqlite3_value_text16be     100313a8 f   interop.obj
 0001:000303dc       sqlite3_value_text16le     100313dc f   interop.obj
 0001:00030410       sqlite3_value_type         10031410 f   interop.obj
 0001:0003043c       sqlite3_result_blob        1003143c f   interop.obj
 0001:00030514       sqlite3_result_double      10031514 f   interop.obj
 0001:00030604       sqlite3_result_error       10031604 f   interop.obj
 0001:00030684       sqlite3_result_error16     10031684 f   interop.obj
 0001:00030730       sqlite3_result_int         10031730 f   interop.obj
 0001:000307fc       sqlite3_result_int64       100317fc f   interop.obj
 0001:00030860       sqlite3_result_null        10031860 f   interop.obj
 0001:000308bc       sqlite3_result_text        100318bc f   interop.obj
 0001:00030928       sqlite3_result_text16      10031928 f   interop.obj
 0001:000309c0       sqlite3_result_text16be    100319c0 f   interop.obj
 0001:00030a2c       sqlite3_result_text16le    10031a2c f   interop.obj
 0001:00030a98       sqlite3_result_value       10031a98 f   interop.obj
 0001:00030c0c       sqlite3_result_zeroblob    10031c0c f   interop.obj
 0001:00030cec       sqlite3_result_error_code  10031cec f   interop.obj
 0001:00030d54       sqlite3_result_error_toobig 10031d54 f   interop.obj
 0001:00030dd8       sqlite3_result_error_nomem 10031dd8 f   interop.obj
 0001:00030e5c       sqlite3_step               10031e5c f   interop.obj
 0001:0003287c       sqlite3_user_data          1003387c f   interop.obj
 0001:000328d8       sqlite3_context_db_handle  100338d8 f   interop.obj
 0001:00032930       sqlite3_aggregate_context  10033930 f   interop.obj
 0001:00032a94       sqlite3_get_auxdata        10033a94 f   interop.obj
 0001:00032b54       sqlite3_set_auxdata        10033b54 f   interop.obj
 0001:00032d64       sqlite3_aggregate_count    10033d64 f   interop.obj
 0001:00032df0       sqlite3_column_count       10033df0 f   interop.obj
 0001:00032e44       sqlite3_data_count         10033e44 f   interop.obj
 0001:00032ea4       sqlite3_column_blob        10033ea4 f   interop.obj
 0001:0003308c       sqlite3_column_bytes       1003408c f   interop.obj
 0001:000330dc       sqlite3_column_bytes16     100340dc f   interop.obj
 0001:0003312c       sqlite3_column_double      1003412c f   interop.obj
 0001:00033194       sqlite3_column_int         10034194 f   interop.obj
 0001:000331e4       sqlite3_column_int64       100341e4 f   interop.obj
 0001:0003324c       sqlite3_column_text        1003424c f   interop.obj
 0001:0003329c       sqlite3_column_value       1003429c f   interop.obj
 0001:00033344       sqlite3_column_text16      10034344 f   interop.obj
 0001:00033394       sqlite3_column_type        10034394 f   interop.obj
 0001:000333e4       sqlite3_column_name        100343e4 f   interop.obj
 0001:0003356c       sqlite3_column_name16      1003456c f   interop.obj
 0001:000335ac       sqlite3_column_decltype    100345ac f   interop.obj
 0001:000335ec       sqlite3_column_decltype16  100345ec f   interop.obj
 0001:0003362c       sqlite3_column_database_name 1003462c f   interop.obj
 0001:0003366c       sqlite3_column_database_name16 1003466c f   interop.obj
 0001:000336ac       sqlite3_column_table_name  100346ac f   interop.obj
 0001:000336ec       sqlite3_column_table_name16 100346ec f   interop.obj
 0001:0003372c       sqlite3_column_origin_name 1003472c f   interop.obj
 0001:0003376c       sqlite3_column_origin_name16 1003476c f   interop.obj
 0001:000337ac       sqlite3_bind_blob          100347ac f   interop.obj
 0001:00033b7c       sqlite3_bind_double        10034b7c f   interop.obj
 0001:00033c0c       sqlite3_bind_int           10034c0c f   interop.obj
 0001:00033c4c       sqlite3_bind_int64         10034c4c f   interop.obj
 0001:00033cdc       sqlite3_bind_null          10034cdc f   interop.obj
 0001:00033d40       sqlite3_bind_text          10034d40 f   interop.obj
 0001:00033d8c       sqlite3_bind_text16        10034d8c f   interop.obj
 0001:00033e04       sqlite3_bind_value         10034e04 f   interop.obj
 0001:00033fc0       sqlite3_bind_zeroblob      10034fc0 f   interop.obj
 0001:0003404c       sqlite3_bind_parameter_count 1003504c f   interop.obj
 0001:000340a0       sqlite3_bind_parameter_name 100350a0 f   interop.obj
 0001:00034128       sqlite3_bind_parameter_index 10035128 f   interop.obj
 0001:00034260       sqlite3_transfer_bindings  10035260 f   interop.obj
 0001:000345ac       sqlite3_db_handle          100355ac f   interop.obj
 0001:000345f4       sqlite3_stmt_readonly      100355f4 f   interop.obj
 0001:00034648       sqlite3_stmt_busy          10035648 f   interop.obj
 0001:000346c4       sqlite3_next_stmt          100356c4 f   interop.obj
 0001:00034738       sqlite3_stmt_status        10035738 f   interop.obj
 0001:000347b8       sqlite3_value_numeric_type 100357b8 f   interop.obj
 0001:0005b154       sqlite3_blob_open          1005c154 f   interop.obj
 0001:0005d678       sqlite3_blob_close         1005e678 f   interop.obj
 0001:0005d714       sqlite3_blob_read          1005e714 f   interop.obj
 0001:0005d940       sqlite3_blob_write         1005e940 f   interop.obj
 0001:0005dc0c       sqlite3_blob_bytes         1005ec0c f   interop.obj
 0001:0005dc74       sqlite3_blob_reopen        1005ec74 f   interop.obj
 0001:00063d70       sqlite3_set_authorizer     10064d70 f   interop.obj
 0001:0006abf0       sqlite3_exec               1006bbf0 f   interop.obj
 0001:0006b344       sqlite3_load_extension     1006c344 f   interop.obj
 0001:0006b834       sqlite3_enable_load_extension 1006c834 f   interop.obj
 0001:0006b8c4       sqlite3_auto_extension     1006c8c4 f   interop.obj
 0001:0006ba68       sqlite3_reset_auto_extension 1006ca68 f   interop.obj
 0001:0006e0fc       sqlite3_prepare            1006f0fc f   interop.obj
 0001:0006e190       sqlite3_prepare_v2         1006f190 f   interop.obj
 0001:0006e224       sqlite3_prepare16          1006f224 f   interop.obj
 0001:0006e804       sqlite3_prepare16_v2       1006f804 f   interop.obj
 0001:0006eb3c       sqlite3_get_table          1006fb3c f   interop.obj
 0001:0006f158       sqlite3_free_table         10070158 f   interop.obj
 0001:000703fc       sqlite3_create_module      100713fc f   interop.obj
 0001:0007061c       sqlite3_create_module_v2   1007161c f   interop.obj
 0001:000714dc       sqlite3_declare_vtab       100724dc f   interop.obj
 0001:00071fc4       sqlite3_vtab_on_conflict   10072fc4 f   interop.obj
 0001:0007203c       sqlite3_vtab_config        1007303c f   interop.obj
 0001:000c1e44       sqlite3_complete           100c2e44 f   interop.obj
 0001:000c2470       sqlite3_complete16         100c3470 f   interop.obj
 0001:000c257c       sqlite3_libversion         100c357c f   interop.obj
 0001:000c2598       sqlite3_sourceid           100c3598 f   interop.obj
 0001:000c25b4       sqlite3_libversion_number  100c35b4 f   interop.obj
 0001:000c25d0       sqlite3_threadsafe         100c35d0 f   interop.obj
 0001:000c25e8       sqlite3_initialize         100c35e8 f   interop.obj
 0001:000c2f58       sqlite3_shutdown           100c3f58 f   interop.obj
 0001:000c30fc       sqlite3_config             100c40fc f   interop.obj
 0001:000c3548       sqlite3_db_mutex           100c4548 f   interop.obj
 0001:000c3574       sqlite3_db_release_memory  100c4574 f   interop.obj
 0001:000c36b0       sqlite3_db_config          100c46b0 f   interop.obj
 0001:000c3bc0       sqlite3_last_insert_rowid  100c4bc0 f   interop.obj
 0001:000c3c04       sqlite3_changes            100c4c04 f   interop.obj
 0001:000c3c30       sqlite3_total_changes      100c4c30 f   interop.obj
 0001:000c3cf0       sqlite3_close              100c4cf0 f   interop.obj
 0001:000c4170       sqlite3_close_v2           100c5170 f   interop.obj
 0001:000c4b34       sqlite3_busy_handler       100c5b34 f   interop.obj
 0001:000c4bb8       sqlite3_progress_handler   100c5bb8 f   interop.obj
 0001:000c4c58       sqlite3_busy_timeout       100c5c58 f   interop.obj
 0001:000c4e24       sqlite3_interrupt          100c5e24 f   interop.obj
 0001:000c525c       sqlite3_create_function    100c625c f   interop.obj
 0001:000c52c0       sqlite3_create_function_v2 100c62c0 f   interop.obj
 0001:000c542c       sqlite3_create_function16  100c642c f   interop.obj
 0001:000c554c       sqlite3_overload_function  100c654c f   interop.obj
 0001:000c56a4       sqlite3_trace              100c66a4 f   interop.obj
 0001:000c5718       sqlite3_profile            100c6718 f   interop.obj
 0001:000c578c       sqlite3_commit_hook        100c678c f   interop.obj
 0001:000c5800       sqlite3_update_hook        100c6800 f   interop.obj
 0001:000c5874       sqlite3_rollback_hook      100c6874 f   interop.obj
 0001:000c58e8       sqlite3_wal_autocheckpoint 100c68e8 f   interop.obj
 0001:000c590c       sqlite3_wal_hook           100c690c f   interop.obj
 0001:000c5930       sqlite3_wal_checkpoint_v2  100c6930 f   interop.obj
 0001:000c5954       sqlite3_wal_checkpoint     100c6954 f   interop.obj
 0001:000c59e4       sqlite3_errmsg             100c69e4 f   interop.obj
 0001:000c5b20       sqlite3_errmsg16           100c6b20 f   interop.obj
 0001:000c5c54       sqlite3_errcode            100c6c54 f   interop.obj
 0001:000c5cfc       sqlite3_extended_errcode   100c6cfc f   interop.obj
 0001:000c5d94       sqlite3_errstr             100c6d94 f   interop.obj
 0001:000c5dc4       sqlite3_limit              100c6dc4 f   interop.obj
 0001:000c6a48       sqlite3_open               100c7a48 f   interop.obj
 0001:000c7908       sqlite3_open_v2            100c8908 f   interop.obj
 0001:000c7944       sqlite3_open16             100c8944 f   interop.obj
 0001:000c7b48       sqlite3_create_collation   100c8b48 f   interop.obj
 0001:000c7bfc       sqlite3_create_collation_v2 100c8bfc f   interop.obj
 0001:000c7cb0       sqlite3_create_collation16 100c8cb0 f   interop.obj
 0001:000c7dd0       sqlite3_collation_needed   100c8dd0 f   interop.obj
 0001:000c7e44       sqlite3_collation_needed16 100c8e44 f   interop.obj
 0001:000c7eb8       sqlite3_global_recover     100c8eb8 f   interop.obj
 0001:000c7ed0       sqlite3_get_autocommit     100c8ed0 f   interop.obj
 0001:000c7fd4       sqlite3_thread_cleanup     100c8fd4 f   interop.obj
 0001:000c7fd8       sqlite3_table_column_metadata 100c8fd8 f   interop.obj
 0001:000c83f8       sqlite3_sleep              100c93f8 f   interop.obj
 0001:000c8480       sqlite3_extended_result_codes 100c9480 f   interop.obj
 0001:000c84f4       sqlite3_file_control       100c94f4 f   interop.obj
 0001:000c8630       sqlite3_test_control       100c9630 f   interop.obj
 0001:000c8f74       sqlite3_uri_parameter      100c9f74 f   interop.obj
 0001:000c9054       sqlite3_uri_boolean        100ca054 f   interop.obj
 0001:000c90e8       sqlite3_uri_int64          100ca0e8 f   interop.obj
 0001:000c9270       sqlite3_db_filename        100ca270 f   interop.obj
 0001:000c92d8       sqlite3_db_readonly        100ca2d8 f   interop.obj
 0001:000f7680       sqlite3_rtree_geometry_callback 100f8680 f   interop.obj
 0001:000f9bdc       isblank                    100fabdc f   interop.obj
 0001:000fcbb4       RegisterExtensionFunctions 100fdbb4 f   interop.obj
 0001:000fcf08       map_make                   100fdf08 f   interop.obj
 0001:000fcf4c       xcalloc                    100fdf4c f   interop.obj
 0001:000fcf88       xfree                      100fdf88 f   interop.obj
 0001:000fcfa0       node_insert                100fdfa0 f   interop.obj
 0001:000fd0f4       map_insert                 100fe0f4 f   interop.obj
 0001:000fd11c       node_iterate               100fe11c f   interop.obj
 0001:000fd1c8       map_iterate                100fe1c8 f   interop.obj
 0001:000fd1ec       node_destroy               100fe1ec f   interop.obj
 0001:000fd260       map_destroy                100fe260 f   interop.obj
 0001:000fd27c       int_cmp                    100fe27c f   interop.obj
 0001:000fd394       double_cmp                 100fe394 f   interop.obj
 0001:000fd460       print_elem                 100fe460 f   interop.obj
 0001:000fd49c       sqlite3_activate_see       100fe49c f   interop.obj
 0001:000fd4ac       sqlite3CodecSizeChange     100fe4ac f   interop.obj
 0001:000fd6c0       sqlite3Codec               100fe6c0 f   interop.obj
 0001:000fd9c0       sqlite3CodecAttach         100fe9c0 f   interop.obj
 0001:000fdef4       sqlite3CodecGetKey         100feef4 f   interop.obj
 0001:000fdf88       sqlite3_key                100fef88 f   interop.obj
 0001:000fdfc4       sqlite3_rekey              100fefc4 f   interop.obj
 0001:000fe34c       sqlite3_close_interop      100ff34c f   interop.obj
 0001:000fe43c       sqlite3_config_log_interop 100ff43c f   interop.obj
 0001:000fe4e8       sqlite3_open_interop       100ff4e8 f   interop.obj
 0001:000fe57c       sqlite3_open16_interop     100ff57c f   interop.obj
 0001:000fe67c       sqlite3_errmsg_interop     100ff67c f   interop.obj
 0001:000fe6ec       sqlite3_changes_interop    100ff6ec f   interop.obj
 0001:000fe76c       sqlite3_prepare_interop    100ff76c f   interop.obj
 0001:000fe7f8       sqlite3_prepare16_interop  100ff7f8 f   interop.obj
 0001:000fe894       sqlite3_bind_double_interop 100ff894 f   interop.obj
 0001:000fe8d8       sqlite3_bind_int64_interop 100ff8d8 f   interop.obj
 0001:000fe91c       sqlite3_bind_parameter_name_interop 100ff91c f   interop.obj
 0001:000fe990       sqlite3_column_name_interop 100ff990 f   interop.obj
 0001:000fea04       sqlite3_column_name16_interop 100ffa04 f   interop.obj
 0001:000fea80       sqlite3_column_decltype_interop 100ffa80 f   interop.obj
 0001:000feaf4       sqlite3_column_decltype16_interop 100ffaf4 f   interop.obj
 0001:000feb70       sqlite3_column_double_interop 100ffb70 f   interop.obj
 0001:000febb4       sqlite3_column_int64_interop 100ffbb4 f   interop.obj
 0001:000febf8       sqlite3_last_insert_rowid_interop 100ffbf8 f   interop.obj
 0001:000fec38       sqlite3_memory_used_interop 100ffc38 f   interop.obj
 0001:000fec74       sqlite3_memory_highwater_interop 100ffc74 f   interop.obj
 0001:000fecb4       sqlite3_column_text_interop 100ffcb4 f   interop.obj
 0001:000fed28       sqlite3_column_text16_interop 100ffd28 f   interop.obj
 0001:000feda4       sqlite3_finalize_interop   100ffda4 f   interop.obj
 0001:000fee1c       sqlite3_backup_finish_interop 100ffe1c f   interop.obj
 0001:000feea8       sqlite3_reset_interop      100ffea8 f   interop.obj
 0001:000feee0       sqlite3_create_function_interop 100ffee0 f   interop.obj
 0001:000ff004       sqlite3_value_double_interop 10100004 f   interop.obj
 0001:000ff044       sqlite3_value_int64_interop 10100044 f   interop.obj
 0001:000ff084       sqlite3_value_text_interop 10100084 f   interop.obj
 0001:000ff0f4       sqlite3_value_text16_interop 101000f4 f   interop.obj
 0001:000ff16c       sqlite3_result_double_interop 1010016c f   interop.obj
 0001:000ff194       sqlite3_result_int64_interop 10100194 f   interop.obj
 0001:000ff1bc       sqlite3_context_collcompare_interop 101001bc f   interop.obj
 0001:000ff24c       sqlite3_context_collseq_interop 1010024c f   interop.obj
 0001:000ff33c       sqlite3_column_database_name_interop 1010033c f   interop.obj
 0001:000ff3b0       sqlite3_column_database_name16_interop 101003b0 f   interop.obj
 0001:000ff42c       sqlite3_column_table_name_interop 1010042c f   interop.obj
 0001:000ff4a0       sqlite3_column_table_name16_interop 101004a0 f   interop.obj
 0001:000ff51c       sqlite3_column_origin_name_interop 1010051c f   interop.obj
 0001:000ff590       sqlite3_column_origin_name16_interop 10100590 f   interop.obj
 0001:000ff60c       sqlite3_table_column_metadata_interop 1010060c f   interop.obj
 0001:000ff6f8       sqlite3_index_column_info_interop 101006f8 f   interop.obj
 0001:000ff8ac       sqlite3_table_cursor_interop 101008ac f   interop.obj
 0001:000ffa3c       sqlite3_cursor_rowid_interop 10100a3c f   interop.obj
 0001:000ffc5c       interop_test_extension_init 10100c5c f   interop.obj
 0001:000ffd50       GetCurrentThreadId         10100d50 f i interop.obj
 0001:000ffd70       __security_check_cookie    10100d70     secchk:armsecgs.obj
 0001:000ffd80       __gsfailure                10100d80     secchk:armsecgs.obj
 0001:000ffdc0       __security_init_cookie     10100dc0 f   secchk:seccinit.obj
 0001:000ffe0c       __report_gsfailure         10100e0c     secchk:armsechr.obj
 0001:000ffe74       GetCurrentProcess          10100e74 f i secchk:gssupport.obj
 0001:000ffe7c       __security_gen_cookie      10100e7c f   secchk:gssupport.obj
 0001:000ffed0       __report_gsfailure_context 10100ed0 f   secchk:gssupport.obj
 0001:000fffa4       GetProcessHeap             10100fa4 f   coredll:COREDLL.dll
 0001:000fffb0       OutputDebugStringW         10100fb0 f   coredll:COREDLL.dll
 0001:000fffbc       WaitForSingleObject        10100fbc f   coredll:COREDLL.dll
 0001:000fffc8       WriteFile                  10100fc8 f   coredll:COREDLL.dll
 0001:000fffd4       WideCharToMultiByte        10100fd4 f   coredll:COREDLL.dll
 0001:000fffe0       UnmapViewOfFile            10100fe0 f   coredll:COREDLL.dll
 0001:000fffec       SystemTimeToFileTime       10100fec f   coredll:COREDLL.dll
 0001:000ffff8       Sleep                      10100ff8 f   coredll:COREDLL.dll
 0001:00100004       SetFilePointer             10101004 f   coredll:COREDLL.dll
 0001:00100010       SetEndOfFile               10101010 f   coredll:COREDLL.dll
 0001:0010001c       ReadFile                   1010101c f   coredll:COREDLL.dll
 0001:00100028       QueryPerformanceCounter    10101028 f   coredll:COREDLL.dll
 0001:00100034       MultiByteToWideChar        10101034 f   coredll:COREDLL.dll
 0001:00100040       MapViewOfFile              10101040 f   coredll:COREDLL.dll
 0001:0010004c       LocalFree                  1010104c f   coredll:COREDLL.dll
 0001:00100058       LoadLibraryW               10101058 f   coredll:COREDLL.dll
 0001:00100064       HeapValidate               10101064 f   coredll:COREDLL.dll
 0001:00100070       HeapSize                   10101070 f   coredll:COREDLL.dll
 0001:0010007c       HeapReAlloc                1010107c f   coredll:COREDLL.dll
 0001:00100088       HeapFree                   10101088 f   coredll:COREDLL.dll
 0001:00100094       HeapDestroy                10101094 f   coredll:COREDLL.dll
 0001:001000a0       HeapCreate                 101010a0 f   coredll:COREDLL.dll
 0001:001000ac       HeapAlloc                  101010ac f   coredll:COREDLL.dll
 0001:001000b8       GetTickCount               101010b8 f   coredll:COREDLL.dll
 0001:001000c4       GetTempPathW               101010c4 f   coredll:COREDLL.dll
 0001:001000d0       GetSystemTime              101010d0 f   coredll:COREDLL.dll
 0001:001000dc       GetSystemInfo              101010dc f   coredll:COREDLL.dll
 0001:001000e8       GetProcAddressA            101010e8 f   coredll:COREDLL.dll
 0001:001000f4       GetLastError               101010f4 f   coredll:COREDLL.dll
 0001:00100100       GetFileSize                10101100 f   coredll:COREDLL.dll
 0001:0010010c       GetFileAttributesExW       1010110c f   coredll:COREDLL.dll
 0001:00100118       GetFileAttributesW         10101118 f   coredll:COREDLL.dll
 0001:00100124       FreeLibrary                10101124 f   coredll:COREDLL.dll
 0001:00100130       FormatMessageW             10101130 f   coredll:COREDLL.dll
 0001:0010013c       FlushFileBuffers           1010113c f   coredll:COREDLL.dll
 0001:00100148       FileTimeToSystemTime       10101148 f   coredll:COREDLL.dll
 0001:00100154       FileTimeToLocalFileTime    10101154 f   coredll:COREDLL.dll
 0001:00100160       DeleteFileW                10101160 f   coredll:COREDLL.dll
 0001:0010016c       CreateMutexW               1010116c f   coredll:COREDLL.dll
 0001:00100178       CreateFileMappingW         10101178 f   coredll:COREDLL.dll
 0001:00100184       CreateFileW                10101184 f   coredll:COREDLL.dll
 0001:00100190       CloseHandle                10101190 f   coredll:COREDLL.dll
 0001:0010019c       CharUpperW                 1010119c f   coredll:COREDLL.dll
 0001:001001a8       CharLowerW                 101011a8 f   coredll:COREDLL.dll
 0001:001001b4       __i64tod                   101011b4 f   coredll:COREDLL.dll
 0001:001001c0       __divd                     101011c0 f   coredll:COREDLL.dll
 0001:001001cc       __rt_sdiv                  101011cc f   coredll:COREDLL.dll
 0001:001001d8       __itod                     101011d8 f   coredll:COREDLL.dll
 0001:001001e4       __subd                     101011e4 f   coredll:COREDLL.dll
 0001:001001f0       __muld                     101011f0 f   coredll:COREDLL.dll
 0001:001001fc       __dtoi64                   101011fc f   coredll:COREDLL.dll
 0001:00100208       memset                     10101208 f   coredll:COREDLL.dll
 0001:00100214       __addd                     10101214 f   coredll:COREDLL.dll
 0001:00100220       strncmp                    10101220 f   coredll:COREDLL.dll
 0001:0010022c       strcmp                     1010122c f   coredll:COREDLL.dll
 0001:00100238       __rt_srem64by64            10101238 f   coredll:COREDLL.dll
 0001:00100244       __rt_sdiv64by64            10101244 f   coredll:COREDLL.dll
 0001:00100250       __eqd                      10101250 f   coredll:COREDLL.dll
 0001:0010025c       __ltd                      1010125c f   coredll:COREDLL.dll
 0001:00100268       __dtoi                     10101268 f   coredll:COREDLL.dll
 0001:00100274       __ned                      10101274 f   coredll:COREDLL.dll
 0001:00100280       memcpy                     10101280 f   coredll:COREDLL.dll
 0001:0010028c       __gtd                      1010128c f   coredll:COREDLL.dll
 0001:00100298       __rt_udiv                  10101298 f   coredll:COREDLL.dll
 0001:001002a4       malloc                     101012a4 f   coredll:COREDLL.dll
 0001:001002b0       free                       101012b0 f   coredll:COREDLL.dll
 0001:001002bc       InitializeCriticalSection  101012bc f   coredll:COREDLL.dll
 0001:001002c8       InterlockedCompareExchange 101012c8 f   coredll:COREDLL.dll
 0001:001002d4       DeleteCriticalSection      101012d4 f   coredll:COREDLL.dll
 0001:001002e0       printf                     101012e0 f   coredll:COREDLL.dll
 0001:001002ec       EnterCriticalSection       101012ec f   coredll:COREDLL.dll
 0001:001002f8       LeaveCriticalSection       101012f8 f   coredll:COREDLL.dll
 0001:00100304       __rt_udiv64by64            10101304 f   coredll:COREDLL.dll
 0001:00100310       __rt_urem64by64            10101310 f   coredll:COREDLL.dll
 0001:0010031c       __negd                     1010131c f   coredll:COREDLL.dll
 0001:00100328       __ged                      10101328 f   coredll:COREDLL.dll
 0001:00100334       ReleaseMutex               10101334 f   coredll:COREDLL.dll
 0001:00100340       strlen                     10101340 f   coredll:COREDLL.dll
 0001:0010034c       memcmp                     1010134c f   coredll:COREDLL.dll
 0001:00100358       memmove                    10101358 f   coredll:COREDLL.dll
 0001:00100364       fprintf                    10101364 f   coredll:COREDLL.dll
 0001:00100370       _getstdfilex               10101370 f   coredll:COREDLL.dll
 0001:0010037c       fflush                     1010137c f   coredll:COREDLL.dll
 0001:00100388       __dtou                     10101388 f   coredll:COREDLL.dll
 0001:00100394       __utod                     10101394 f   coredll:COREDLL.dll
 0001:001003a0       __led                      101013a0 f   coredll:COREDLL.dll
 0001:001003ac       qsort                      101013ac f   coredll:COREDLL.dll
 0001:001003b8       __stod                     101013b8 f   coredll:COREDLL.dll
 0001:001003c4       __gts                      101013c4 f   coredll:COREDLL.dll
 0001:001003d0       __lts                      101013d0 f   coredll:COREDLL.dll
 0001:001003dc       __dtos                     101013dc f   coredll:COREDLL.dll
 0001:001003e8       sqrt                       101013e8 f   coredll:COREDLL.dll
 0001:001003f4       acos                       101013f4 f   coredll:COREDLL.dll
 0001:00100400       asin                       10101400 f   coredll:COREDLL.dll
 0001:0010040c       atan                       1010140c f   coredll:COREDLL.dll
 0001:00100418       log                        10101418 f   coredll:COREDLL.dll
 0001:00100424       sin                        10101424 f   coredll:COREDLL.dll
 0001:00100430       cos                        10101430 f   coredll:COREDLL.dll
 0001:0010043c       tan                        1010143c f   coredll:COREDLL.dll
 0001:00100448       sinh                       10101448 f   coredll:COREDLL.dll
 0001:00100454       cosh                       10101454 f   coredll:COREDLL.dll
 0001:00100460       tanh                       10101460 f   coredll:COREDLL.dll
 0001:0010046c       log10                      1010146c f   coredll:COREDLL.dll
 0001:00100478       exp                        10101478 f   coredll:COREDLL.dll
 0001:00100484       pow                        10101484 f   coredll:COREDLL.dll
 0001:00100490       atan2                      10101490 f   coredll:COREDLL.dll
 0001:0010049c       ceil                       1010149c f   coredll:COREDLL.dll
 0001:001004a8       floor                      101014a8 f   coredll:COREDLL.dll
 0001:001004b4       strcpy                     101014b4 f   coredll:COREDLL.dll
 0001:001004c0       tolower                    101014c0 f   coredll:COREDLL.dll
 0001:001004cc       toupper                    101014cc f   coredll:COREDLL.dll
 0001:001004d8       strncpy                    101014d8 f   coredll:COREDLL.dll
 0001:001004e4       calloc                     101014e4 f   coredll:COREDLL.dll
 0001:001004f0       _isctype                   101014f0 f   coredll:COREDLL.dll
 0001:001004fc       CryptEncrypt               101014fc f   coredll:COREDLL.dll
 0001:00100508       CryptDecrypt               10101508 f   coredll:COREDLL.dll
 0001:00100514       CryptDuplicateKey          10101514 f   coredll:COREDLL.dll
 0001:00100520       CryptDestroyKey            10101520 f   coredll:COREDLL.dll
 0001:0010052c       CryptDestroyHash           1010152c f   coredll:COREDLL.dll
 0001:00100538       CryptDeriveKey             10101538 f   coredll:COREDLL.dll
 0001:00100544       CryptHashData              10101544 f   coredll:COREDLL.dll
 0001:00100550       CryptCreateHash            10101550 f   coredll:COREDLL.dll
 0001:0010055c       CryptAcquireContextW       1010155c f   coredll:COREDLL.dll
 0001:00100568       wcslen                     10101568 f   coredll:COREDLL.dll
 0001:00100574       GetCurrentFT               10101574 f   coredll:COREDLL.dll
 0001:00100580       CeGetRandomSeed            10101580 f   coredll:COREDLL.dll
 0001:0010058c       TerminateProcess           1010158c f   coredll:COREDLL.dll
 0001:00100598       ThreadExceptionExit        10101598 f   coredll:COREDLL.dll
 0001:001005a4       KernelIoControl            101015a4 f   coredll:COREDLL.dll
 0001:001005b0       GetOwnerProcess            101015b0 f   coredll:COREDLL.dll
 0001:001005bc       GetProcAddressW            101015bc f   coredll:COREDLL.dll
 0001:001005c8       _DllMainCRTStartup         101015c8 f   corelibc:pegdmain.obj
 0001:0010065c       _cinit                     1010165c f   corelibc:crt0dat.obj
 0001:001006bc       exit                       101016bc f   corelibc:crt0dat.obj
 0001:0010079c       _exit                      1010179c f   corelibc:crt0dat.obj
 0001:001007a8       _cexit                     101017a8 f   corelibc:crt0dat.obj
 0001:001007b8       _c_exit                    101017b8 f   corelibc:crt0dat.obj
 0001:001007c8       DllMain                    101017c8 f   corelibc:dllmain.obj
 0001:001007dc       __GSHandlerCheck           101017dc f   LIBCMTD:gshandler.obj
 0001:00100820       __GSHandlerCheckCommon     10101820 f   LIBCMTD:gshandler.obj
 0001:001008c4       DisableThreadLibraryCalls  101018c4 f   coredll:COREDLL.dll
 0002:00000020       sqlite3_version            10103020     interop.obj
 0002:000045e0       ??_C@_1BI@DODJLNPI@?$AAR?$AAe?$AAp?$AAo?$AAr?$AAt?$AAF?$AAa?$AAu?$AAl?$AAt?$AA?$AA@ 101075e0     secchk:gssupport.obj
 0002:000045f8       ??_C@_1BI@CJKPFBEK@?$AAc?$AAo?$AAr?$AAe?$AAd?$AAl?$AAl?$AA?4?$AAd?$AAl?$AAl?$AA?$AA@ 101075f8     secchk:gssupport.obj
 0002:00004738       __IMPORT_DESCRIPTOR_COREDLL 10107738     coredll:COREDLL.dll
 0002:0000474c       __NULL_IMPORT_DESCRIPTOR   1010774c     coredll:COREDLL.dll
 0003:00000000       __imp_GetProcessHeap       1010a000     coredll:COREDLL.dll
 0003:00000004       __imp_OutputDebugStringW   1010a004     coredll:COREDLL.dll
 0003:00000008       __imp_WaitForSingleObject  1010a008     coredll:COREDLL.dll
 0003:0000000c       __imp_WriteFile            1010a00c     coredll:COREDLL.dll
 0003:00000010       __imp_WideCharToMultiByte  1010a010     coredll:COREDLL.dll
 0003:00000014       __imp_UnmapViewOfFile      1010a014     coredll:COREDLL.dll
 0003:00000018       __imp_SystemTimeToFileTime 1010a018     coredll:COREDLL.dll
 0003:0000001c       __imp_Sleep                1010a01c     coredll:COREDLL.dll
 0003:00000020       __imp_SetFilePointer       1010a020     coredll:COREDLL.dll
 0003:00000024       __imp_SetEndOfFile         1010a024     coredll:COREDLL.dll
 0003:00000028       __imp_ReadFile             1010a028     coredll:COREDLL.dll
 0003:0000002c       __imp_QueryPerformanceCounter 1010a02c     coredll:COREDLL.dll
 0003:00000030       __imp_MultiByteToWideChar  1010a030     coredll:COREDLL.dll
 0003:00000034       __imp_MapViewOfFile        1010a034     coredll:COREDLL.dll
 0003:00000038       __imp_LocalFree            1010a038     coredll:COREDLL.dll
 0003:0000003c       __imp_LoadLibraryW         1010a03c     coredll:COREDLL.dll
 0003:00000040       __imp_HeapValidate         1010a040     coredll:COREDLL.dll
 0003:00000044       __imp_HeapSize             1010a044     coredll:COREDLL.dll
 0003:00000048       __imp_HeapReAlloc          1010a048     coredll:COREDLL.dll
 0003:0000004c       __imp_HeapFree             1010a04c     coredll:COREDLL.dll
 0003:00000050       __imp_HeapDestroy          1010a050     coredll:COREDLL.dll
 0003:00000054       __imp_HeapCreate           1010a054     coredll:COREDLL.dll
 0003:00000058       __imp_HeapAlloc            1010a058     coredll:COREDLL.dll
 0003:0000005c       __imp_GetTickCount         1010a05c     coredll:COREDLL.dll
 0003:00000060       __imp_GetTempPathW         1010a060     coredll:COREDLL.dll
 0003:00000064       __imp_GetSystemTime        1010a064     coredll:COREDLL.dll
 0003:00000068       __imp_GetSystemInfo        1010a068     coredll:COREDLL.dll
 0003:0000006c       __imp_GetProcAddressA      1010a06c     coredll:COREDLL.dll
 0003:00000070       __imp_GetLastError         1010a070     coredll:COREDLL.dll
 0003:00000074       __imp_GetFileSize          1010a074     coredll:COREDLL.dll
 0003:00000078       __imp_GetFileAttributesExW 1010a078     coredll:COREDLL.dll
 0003:0000007c       __imp_GetFileAttributesW   1010a07c     coredll:COREDLL.dll
 0003:00000080       __imp_FreeLibrary          1010a080     coredll:COREDLL.dll
 0003:00000084       __imp_FormatMessageW       1010a084     coredll:COREDLL.dll
 0003:00000088       __imp_FlushFileBuffers     1010a088     coredll:COREDLL.dll
 0003:0000008c       __imp_FileTimeToSystemTime 1010a08c     coredll:COREDLL.dll
 0003:00000090       __imp_FileTimeToLocalFileTime 1010a090     coredll:COREDLL.dll
 0003:00000094       __imp_DeleteFileW          1010a094     coredll:COREDLL.dll
 0003:00000098       __imp_CreateMutexW         1010a098     coredll:COREDLL.dll
 0003:0000009c       __imp_CreateFileMappingW   1010a09c     coredll:COREDLL.dll
 0003:000000a0       __imp_CreateFileW          1010a0a0     coredll:COREDLL.dll
 0003:000000a4       __imp_CloseHandle          1010a0a4     coredll:COREDLL.dll
 0003:000000a8       __imp_CharUpperW           1010a0a8     coredll:COREDLL.dll
 0003:000000ac       __imp_CharLowerW           1010a0ac     coredll:COREDLL.dll
 0003:000000b0       __imp___i64tod             1010a0b0     coredll:COREDLL.dll
 0003:000000b4       __imp___divd               1010a0b4     coredll:COREDLL.dll
 0003:000000b8       __imp___rt_sdiv            1010a0b8     coredll:COREDLL.dll
 0003:000000bc       __imp___itod               1010a0bc     coredll:COREDLL.dll
 0003:000000c0       __imp___subd               1010a0c0     coredll:COREDLL.dll
 0003:000000c4       __imp___muld               1010a0c4     coredll:COREDLL.dll
 0003:000000c8       __imp___dtoi64             1010a0c8     coredll:COREDLL.dll
 0003:000000cc       __imp_memset               1010a0cc     coredll:COREDLL.dll
 0003:000000d0       __imp___addd               1010a0d0     coredll:COREDLL.dll
 0003:000000d4       __imp_strncmp              1010a0d4     coredll:COREDLL.dll
 0003:000000d8       __imp_strcmp               1010a0d8     coredll:COREDLL.dll
 0003:000000dc       __imp___rt_srem64by64      1010a0dc     coredll:COREDLL.dll
 0003:000000e0       __imp___rt_sdiv64by64      1010a0e0     coredll:COREDLL.dll
 0003:000000e4       __imp___eqd                1010a0e4     coredll:COREDLL.dll
 0003:000000e8       __imp___ltd                1010a0e8     coredll:COREDLL.dll
 0003:000000ec       __imp___dtoi               1010a0ec     coredll:COREDLL.dll
 0003:000000f0       __imp___ned                1010a0f0     coredll:COREDLL.dll
 0003:000000f4       __imp_memcpy               1010a0f4     coredll:COREDLL.dll
 0003:000000f8       __imp___gtd                1010a0f8     coredll:COREDLL.dll
 0003:000000fc       __imp___rt_udiv            1010a0fc     coredll:COREDLL.dll
 0003:00000100       __imp_malloc               1010a100     coredll:COREDLL.dll
 0003:00000104       __imp_free                 1010a104     coredll:COREDLL.dll
 0003:00000108       __imp_InitializeCriticalSection 1010a108     coredll:COREDLL.dll
 0003:0000010c       __imp_InterlockedCompareExchange 1010a10c     coredll:COREDLL.dll
 0003:00000110       __imp_DeleteCriticalSection 1010a110     coredll:COREDLL.dll
 0003:00000114       __imp_printf               1010a114     coredll:COREDLL.dll
 0003:00000118       __imp_EnterCriticalSection 1010a118     coredll:COREDLL.dll
 0003:0000011c       __imp_LeaveCriticalSection 1010a11c     coredll:COREDLL.dll
 0003:00000120       __imp___rt_udiv64by64      1010a120     coredll:COREDLL.dll
 0003:00000124       __imp___rt_urem64by64      1010a124     coredll:COREDLL.dll
 0003:00000128       __imp___negd               1010a128     coredll:COREDLL.dll
 0003:0000012c       __imp___ged                1010a12c     coredll:COREDLL.dll
 0003:00000130       __imp_ReleaseMutex         1010a130     coredll:COREDLL.dll
 0003:00000134       __imp_strlen               1010a134     coredll:COREDLL.dll
 0003:00000138       __imp_memcmp               1010a138     coredll:COREDLL.dll
 0003:0000013c       __imp_memmove              1010a13c     coredll:COREDLL.dll
 0003:00000140       __imp_fprintf              1010a140     coredll:COREDLL.dll
 0003:00000144       __imp__getstdfilex         1010a144     coredll:COREDLL.dll
 0003:00000148       __imp_fflush               1010a148     coredll:COREDLL.dll
 0003:0000014c       __imp___dtou               1010a14c     coredll:COREDLL.dll
 0003:00000150       __imp___utod               1010a150     coredll:COREDLL.dll
 0003:00000154       __imp___led                1010a154     coredll:COREDLL.dll
 0003:00000158       __imp_qsort                1010a158     coredll:COREDLL.dll
 0003:0000015c       __imp___stod               1010a15c     coredll:COREDLL.dll
 0003:00000160       __imp___gts                1010a160     coredll:COREDLL.dll
 0003:00000164       __imp___lts                1010a164     coredll:COREDLL.dll
 0003:00000168       __imp___dtos               1010a168     coredll:COREDLL.dll
 0003:0000016c       __imp_sqrt                 1010a16c     coredll:COREDLL.dll
 0003:00000170       __imp_acos                 1010a170     coredll:COREDLL.dll
 0003:00000174       __imp_asin                 1010a174     coredll:COREDLL.dll
 0003:00000178       __imp_atan                 1010a178     coredll:COREDLL.dll
 0003:0000017c       __imp_log                  1010a17c     coredll:COREDLL.dll
 0003:00000180       __imp_sin                  1010a180     coredll:COREDLL.dll
 0003:00000184       __imp_cos                  1010a184     coredll:COREDLL.dll
 0003:00000188       __imp_tan                  1010a188     coredll:COREDLL.dll
 0003:0000018c       __imp_sinh                 1010a18c     coredll:COREDLL.dll
 0003:00000190       __imp_cosh                 1010a190     coredll:COREDLL.dll
 0003:00000194       __imp_tanh                 1010a194     coredll:COREDLL.dll
 0003:00000198       __imp_log10                1010a198     coredll:COREDLL.dll
 0003:0000019c       __imp_exp                  1010a19c     coredll:COREDLL.dll
 0003:000001a0       __imp_pow                  1010a1a0     coredll:COREDLL.dll
 0003:000001a4       __imp_atan2                1010a1a4     coredll:COREDLL.dll
 0003:000001a8       __imp_ceil                 1010a1a8     coredll:COREDLL.dll
 0003:000001ac       __imp_floor                1010a1ac     coredll:COREDLL.dll
 0003:000001b0       __imp_strcpy               1010a1b0     coredll:COREDLL.dll
 0003:000001b4       __imp_tolower              1010a1b4     coredll:COREDLL.dll
 0003:000001b8       __imp_toupper              1010a1b8     coredll:COREDLL.dll
 0003:000001bc       __imp_strncpy              1010a1bc     coredll:COREDLL.dll
 0003:000001c0       __imp_calloc               1010a1c0     coredll:COREDLL.dll
 0003:000001c4       __imp__isctype             1010a1c4     coredll:COREDLL.dll
 0003:000001c8       __imp_CryptEncrypt         1010a1c8     coredll:COREDLL.dll
 0003:000001cc       __imp_CryptDecrypt         1010a1cc     coredll:COREDLL.dll
 0003:000001d0       __imp_CryptDuplicateKey    1010a1d0     coredll:COREDLL.dll
 0003:000001d4       __imp_CryptDestroyKey      1010a1d4     coredll:COREDLL.dll
 0003:000001d8       __imp_CryptDestroyHash     1010a1d8     coredll:COREDLL.dll
 0003:000001dc       __imp_CryptDeriveKey       1010a1dc     coredll:COREDLL.dll
 0003:000001e0       __imp_CryptHashData        1010a1e0     coredll:COREDLL.dll
 0003:000001e4       __imp_CryptCreateHash      1010a1e4     coredll:COREDLL.dll
 0003:000001e8       __imp_CryptAcquireContextW 1010a1e8     coredll:COREDLL.dll
 0003:000001ec       __imp_wcslen               1010a1ec     coredll:COREDLL.dll
 0003:000001f0       __imp_GetCurrentFT         1010a1f0     coredll:COREDLL.dll
 0003:000001f4       __imp_CeGetRandomSeed      1010a1f4     coredll:COREDLL.dll
 0003:000001f8       __imp_TerminateProcess     1010a1f8     coredll:COREDLL.dll
 0003:000001fc       __imp_ThreadExceptionExit  1010a1fc     coredll:COREDLL.dll
 0003:00000200       __imp_KernelIoControl      1010a200     coredll:COREDLL.dll
 0003:00000204       __imp_GetOwnerProcess      1010a204     coredll:COREDLL.dll
 0003:00000208       __imp_GetProcAddressW      1010a208     coredll:COREDLL.dll
 0003:0000020c       __imp_DisableThreadLibraryCalls 1010a20c     coredll:COREDLL.dll
 0003:00000210       \177COREDLL_NULL_THUNK_DATA 1010a210     coredll:COREDLL.dll
 0003:00000214       __xc_a                     1010a214     corelibc:crt0init.obj
 0003:0000021c       __xc_z                     1010a21c     corelibc:crt0init.obj
 0003:00000220       __xi_a                     1010a220     corelibc:crt0init.obj
 0003:00000224       __xi_z                     1010a224     corelibc:crt0init.obj
 0003:00000228       __xp_a                     1010a228     corelibc:crt0init.obj
 0003:0000022c       __xp_z                     1010a22c     corelibc:crt0init.obj
 0003:00000230       __xt_a                     1010a230     corelibc:crt0init.obj
 0003:00000234       __xt_z                     1010a234     corelibc:crt0init.obj
 0003:000e4654       __security_cookie          101ee654     secchk:seccook.obj
 0003:000e4658       __security_cookie_complement 101ee658     secchk:seccook.obj
 0003:000e7e78       sqlite3WhereTrace          101f1e78     interop.obj
 0003:000e7e88       sqlite3_temp_directory     101f1e88     interop.obj
 0003:000e7e8c       sqlite3_data_directory     101f1e8c     interop.obj
 0003:000e7ebc       g_hProvider                101f1ebc     interop.obj
 0003:000e7ec4       sqlite3_api                101f1ec4     interop.obj
 0003:000e7ec8       errno                      101f1ec8     <common>
 0003:000e7ecc       _exitflag                  101f1ecc     <common>
 0003:000e7ed0       __onexitend                101f1ed0     <common>
 0003:000e7ed4       __onexitbegin              101f1ed4     <common>
 0003:000e7ed8       _pRawDllMain               101f1ed8     <common>

 entry point at        0001:001005c8

 Static symbols

 0001:000008bc       juliandayFunc              100018bc f   interop.obj
 0001:0000094c       computeJD                  1000194c f   interop.obj
 0001:00000cb4       isDate                     10001cb4 f   interop.obj
 0001:00000eb0       setDateTimeToCurrent       10001eb0 f   interop.obj
 0001:00000f28       parseDateOrTime            10001f28 f   interop.obj
 0001:0000109c       parseHhMmSs                1000209c f   interop.obj
 0001:00001428       getDigits                  10002428 f   interop.obj
 0001:000015e4       parseTimezone              100025e4 f   interop.obj
 0001:000017ec       parseYyyyMmDd              100027ec f   interop.obj
 0001:00001a10       parseModifier              10002a10 f   interop.obj
 0001:00002b68       computeYMD                 10003b68 f   interop.obj
 0001:00002ebc       computeYMD_HMS             10003ebc f   interop.obj
 0001:00002edc       computeHMS                 10003edc f   interop.obj
 0001:00003150       clearYMD_HMS_TZ            10004150 f   interop.obj
 0001:00003190       localtimeOffset            10004190 f   interop.obj
 0001:000033dc       osLocaltime                100043dc f   interop.obj
 0001:000034a0       datetimeFunc               100044a0 f   interop.obj
 0001:00003570       timeFunc                   10004570 f   interop.obj
 0001:00003628       dateFunc                   10004628 f   interop.obj
 0001:000036c8       strftimeFunc               100046c8 f   interop.obj
 0001:0000414c       ctimeFunc                  1000514c f   interop.obj
 0001:0000416c       cdateFunc                  1000516c f   interop.obj
 0001:0000418c       ctimestampFunc             1000518c f   interop.obj
 0001:000041ac       sqlite3OsCurrentTimeInt64  100051ac f   interop.obj
 0001:00004484       vfsUnlink                  10005484 f   interop.obj
 0001:000045ec       sqlite3MemSize             100055ec f   interop.obj
 0001:00004640       sqlite3MemsysGetHeader     10005640 f   interop.obj
 0001:00004794       sqlite3MemInit             10005794 f   interop.obj
 0001:000047e8       sqlite3MemShutdown         100057e8 f   interop.obj
 0001:00004808       sqlite3MemRoundup          10005808 f   interop.obj
 0001:00004838       sqlite3MemMalloc           10005838 f   interop.obj
 0001:00004b74       adjustStats                10005b74 f   interop.obj
 0001:00004d68       randomFill                 10005d68 f   interop.obj
 0001:00004e9c       sqlite3MemFree             10005e9c f   interop.obj
 0001:00005110       sqlite3MemRealloc          10006110 f   interop.obj
 0001:000052f4       sqlite3MutexAlloc          100062f4 f   interop.obj
 0001:00005548       debugMutexHeld             10006548 f   interop.obj
 0001:000055a8       debugMutexNotheld          100065a8 f   interop.obj
 0001:00005608       debugMutexInit             10006608 f   interop.obj
 0001:00005620       debugMutexEnd              10006620 f   interop.obj
 0001:00005638       debugMutexAlloc            10006638 f   interop.obj
 0001:00005730       debugMutexFree             10006730 f   interop.obj
 0001:000057ac       debugMutexEnter            100067ac f   interop.obj
 0001:00005820       debugMutexTry              10006820 f   interop.obj
 0001:000058a0       debugMutexLeave            100068a0 f   interop.obj
 0001:0000593c       winMutexHeld               1000693c f   interop.obj
 0001:000059a8       winMutexNotheld            100069a8 f   interop.obj
 0001:000059ec       winMutexNotheld2           100069ec f   interop.obj
 0001:00005a50       winMutexInit               10006a50 f   interop.obj
 0001:00005b04       winMutexEnd                10006b04 f   interop.obj
 0001:00005ba8       winMutexAlloc              10006ba8 f   interop.obj
 0001:00005cbc       winMutexFree               10006cbc f   interop.obj
 0001:00005d68       winMutexEnter              10006d68 f   interop.obj
 0001:00005e78       winMutexTry                10006e78 f   interop.obj
 0001:00005f3c       winMutexLeave              10006f3c f   interop.obj
 0001:000060cc       sqlite3MemoryAlarm         100070cc f   interop.obj
 0001:000061ec       sqlite3StatusValue         100071ec f   interop.obj
 0001:00006400       softHeapLimitEnforcer      10007400 f   interop.obj
 0001:000064f4       sqlite3Malloc              100074f4 f   interop.obj
 0001:000065c0       mallocWithAlarm            100075c0 f   interop.obj
 0001:00006744       sqlite3StatusAdd           10007744 f   interop.obj
 0001:00006828       sqlite3StatusSet           10007828 f   interop.obj
 0001:000068f0       sqlite3MallocAlarm         100078f0 f   interop.obj
 0001:00006a00       sqlite3MallocSize          10007a00 f   interop.obj
 0001:00006a98       sqlite3MemdebugHasType     10007a98 f   interop.obj
 0001:00006b50       sqlite3MemdebugNoType      10007b50 f   interop.obj
 0001:00006d0c       sqlite3DbFree              10007d0c f   interop.obj
 0001:00006ee0       sqlite3MemdebugSetType     10007ee0 f   interop.obj
 0001:00006f70       isLookaside                10007f70 f   interop.obj
 0001:00006fe4       sqlite3DbMallocSize        10007fe4 f   interop.obj
 0001:00007184       sqlite3Realloc             10008184 f   interop.obj
 0001:0000744c       sqlite3MallocZero          1000844c f   interop.obj
 0001:000074a0       sqlite3DbMallocRaw         100084a0 f   interop.obj
 0001:000077b8       sqlite3VXPrintf            100087b8 f   interop.obj
 0001:0000974c       et_getdigit                1000a74c f   interop.obj
 0001:00009858       sqlite3AppendSpace         1000a858 f   interop.obj
 0001:000098b4       sqlite3StrAccumAppend      1000a8b4 f   interop.obj
 0001:00009cac       sqlite3DbRealloc           1000acac f   interop.obj
 0001:00009ed0       sqlite3StrAccumFinish      1000aed0 f   interop.obj
 0001:0000a02c       sqlite3StrAccumReset       1000b02c f   interop.obj
 0001:0000a0ac       sqlite3StrAccumInit        1000b0ac f   interop.obj
 0001:0000a2e0       renderLogMsg               1000b2e0 f   interop.obj
 0001:0000a3f8       randomByte                 1000b3f8 f   interop.obj
 0001:0000a68c       sqlite3OsRandomness        1000b68c f   interop.obj
 0001:0000a6d4       sqlite3IsNaN               1000b6d4 f   interop.obj
 0001:0000a760       sqlite3Strlen30            1000b760 f   interop.obj
 0001:0000a9b4       sqlite3AtoF                1000b9b4 f   interop.obj
 0001:0000b5c0       winSetSystemCall           1000c5c0 f   interop.obj
 0001:0000b798       winGetSystemCall           1000c798 f   interop.obj
 0001:0000b83c       winNextSystemCall          1000c83c f   interop.obj
 0001:0000bb5c       unicodeToUtf8              1000cb5c f   interop.obj
 0001:0000bc84       mbcsToUnicode              1000cc84 f   interop.obj
 0001:0000be08       utf8ToUnicode              1000ce08 f   interop.obj
 0001:0000bf18       unicodeToMbcs              1000cf18 f   interop.obj
 0001:0000c2f4       winClose                   1000d2f4 f   interop.obj
 0001:0000c4dc       winLogErrorAtLine          1000d4dc f   interop.obj
 0001:0000c60c       getLastErrorMsg            1000d60c f   interop.obj
 0001:0000c71c       sqlite3BeginBenignMalloc   1000d71c f   interop.obj
 0001:0000c748       sqlite3EndBenignMalloc     1000d748 f   interop.obj
 0001:0000c774       winceDestroyLock           1000d774 f   interop.obj
 0001:0000c8dc       winceMutexAcquire          1000d8dc f   interop.obj
 0001:0000c934       winRead                    1000d934 f   interop.obj
 0001:0000cab8       retryIoerr                 1000dab8 f   interop.obj
 0001:0000cbb8       logIoerr                   1000dbb8 f   interop.obj
 0001:0000cc20       seekWinFile                1000dc20 f   interop.obj
 0001:0000cd1c       winWrite                   1000dd1c f   interop.obj
 0001:0000cf88       winTruncate                1000df88 f   interop.obj
 0001:0000d1a4       winSync                    1000e1a4 f   interop.obj
 0001:0000d2c4       winFileSize                1000e2c4 f   interop.obj
 0001:0000d3e4       winLock                    1000e3e4 f   interop.obj
 0001:0000d88c       winLockFile                1000e88c f   interop.obj
 0001:0000d8d0       winceLockFile              1000e8d0 f   interop.obj
 0001:0000db60       winUnlockFile              1000eb60 f   interop.obj
 0001:0000dba4       winceUnlockFile            1000eba4 f   interop.obj
 0001:0000de18       getReadLock                1000ee18 f   interop.obj
 0001:0000dea8       unlockReadLock             1000eea8 f   interop.obj
 0001:0000df88       winCheckReservedLock       1000ef88 f   interop.obj
 0001:0000e098       winUnlock                  1000f098 f   interop.obj
 0001:0000e260       winFileControl             1000f260 f   interop.obj
 0001:0000e590       winModeBit                 1000f590 f   interop.obj
 0001:0000e65c       winSectorSize              1000f65c f   interop.obj
 0001:0000e680       winDeviceCharacteristics   1000f680 f   interop.obj
 0001:0000e6e0       getTempname                1000f6e0 f   interop.obj
 0001:0000e9a4       winOpen                    1000f9a4 f   interop.obj
 0001:0000f158       winceCreateLock            10010158 f   interop.obj
 0001:0000f4e0       convertUtf8Filename        100104e0 f   interop.obj
 0001:0000f520       winIsDir                   10010520 f   interop.obj
 0001:0000f608       winDelete                  10010608 f   interop.obj
 0001:0000f7c0       winAccess                  100107c0 f   interop.obj
 0001:0000fa08       winFullPathname            10010a08 f   interop.obj
 0001:0000fb00       winIsVerbatimPathname      10010b00 f   interop.obj
 0001:0000fb98       winDlOpen                  10010b98 f   interop.obj
 0001:0000fc14       winDlError                 10010c14 f   interop.obj
 0001:0000fc54       winDlSym                   10010c54 f   interop.obj
 0001:0000fc98       winDlClose                 10010c98 f   interop.obj
 0001:0000fcc0       winRandomness              10010cc0 f   interop.obj
 0001:0000fe30       winSleep                   10010e30 f   interop.obj
 0001:0000fea0       winCurrentTimeInt64        10010ea0 f   interop.obj
 0001:0000ffa4       winCurrentTime             10010fa4 f   interop.obj
 0001:00010038       winGetLastError            10011038 f   interop.obj
 0001:000100cc       pcache1Init                100110cc f   interop.obj
 0001:00010180       pcache1Shutdown            10011180 f   interop.obj
 0001:000101c4       pcache1Create              100111c4 f   interop.obj
 0001:000103c0       pcache1Cachesize           100113c0 f   interop.obj
 0001:000104c4       pcache1EnforceMaxPage      100114c4 f   interop.obj
 0001:00010594       pcache1FreePage            10011594 f   interop.obj
 0001:00010674       pcache1Free                10011674 f   interop.obj
 0001:00010820       pcache1PinPage             10011820 f   interop.obj
 0001:000109d0       pcache1RemoveFromHash      100119d0 f   interop.obj
 0001:00010ad8       pcache1Shrink              10011ad8 f   interop.obj
 0001:00010b68       pcache1Pagecount           10011b68 f   interop.obj
 0001:00010bc4       pcache1Fetch               10011bc4 f   interop.obj
 0001:000112a4       pcache1AllocPage           100122a4 f   interop.obj
 0001:000113d8       pcache1Alloc               100123d8 f   interop.obj
 0001:00011580       pcache1UnderMemoryPressure 10012580 f   interop.obj
 0001:00011600       sqlite3HeapNearlyFull      10012600 f   interop.obj
 0001:00011620       pcache1ResizeHash          10012620 f   interop.obj
 0001:00011858       pcache1Unpin               10012858 f   interop.obj
 0001:00011a1c       pcache1Rekey               10012a1c f   interop.obj
 0001:00011be4       pcache1Truncate            10012be4 f   interop.obj
 0001:00011c5c       pcache1TruncateUnsafe      10012c5c f   interop.obj
 0001:00011db8       pcache1Destroy             10012db8 f   interop.obj
 0001:00011f50       sqlite3PagerMemUsed        10012f50 f   interop.obj
 0001:00011fdc       sqlite3PcachePagecount     10012fdc f   interop.obj
 0001:00012048       sqlite3PagerCacheStat      10013048 f   interop.obj
 0001:000120f0       sqlite3BtreeEnterAll       100130f0 f   interop.obj
 0001:000121a8       sqlite3BtreeEnter          100131a8 f   interop.obj
 0001:00012620       lockBtreeMutex             10013620 f   interop.obj
 0001:0001270c       unlockBtreeMutex           1001370c f   interop.obj
 0001:00012808       sqlite3BtreeLeaveAll       10013808 f   interop.obj
 0001:000128c0       sqlite3BtreeLeave          100138c0 f   interop.obj
 0001:00012974       sqlite3BtreePager          10013974 f   interop.obj
 0001:00012b80       sqlite3Error               10013b80 f   interop.obj
 0001:00012c8c       sqlite3VMPrintf            10013c8c f   interop.obj
 0001:00012d4c       findBtree                  10013d4c f   interop.obj
 0001:00012ebc       sqlite3DbMallocZero        10013ebc f   interop.obj
 0001:00012f14       setDestPgsz                10013f14 f   interop.obj
 0001:00012f74       sqlite3BtreeSetPageSize    10013f74 f   interop.obj
 0001:00013178       sqlite3PagerSetPagesize    10014178 f   interop.obj
 0001:0001340c       sqlite3OsFileSize          1001440c f   interop.obj
 0001:00013454       sqlite3PcacheSetPageSize   10014454 f   interop.obj
 0001:000134fc       sqlite3PcacheRefCount      100144fc f   interop.obj
 0001:00013528       sqlite3PageMalloc          10014528 f   interop.obj
 0001:00013558       sqlite3PageFree            10014558 f   interop.obj
 0001:00013570       pager_reset                10014570 f   interop.obj
 0001:000135a0       sqlite3PcacheClear         100145a0 f   interop.obj
 0001:000135bc       sqlite3PcacheTruncate      100145bc f   interop.obj
 0001:00013730       sqlite3PcacheMakeClean     10014730 f   interop.obj
 0001:000137a4       pcacheRemoveFromDirtyList  100147a4 f   interop.obj
 0001:000139dc       pcacheCheckSynced          100149dc f   interop.obj
 0001:00013ac0       pcacheUnpin                10014ac0 f   interop.obj
 0001:00013b4c       pagerReportSize            10014b4c f   interop.obj
 0001:00013ba8       freeTempSpace              10014ba8 f   interop.obj
 0001:00013bd8       sqlite3BtreeGetPageSize    10014bd8 f   interop.obj
 0001:00014898       sqlite3OsWrite             10015898 f   interop.obj
 0001:000148f0       sqlite3PagerTruncateImage  100158f0 f   interop.obj
 0001:00014964       assertTruncateConstraint   10015964 f   interop.obj
 0001:0001498c       sqlite3PcacheIterateDirty  1001598c f   interop.obj
 0001:000149e4       assertTruncateConstraintCb 100159e4 f   interop.obj
 0001:00014a70       subjRequiresPage           10015a70 f   interop.obj
 0001:00014b50       sqlite3BitvecTest          10015b50 f   interop.obj
 0001:00014d7c       sqlite3PagerAcquire        10015d7c f   interop.obj
 0001:000151c0       sqlite3BitvecSet           100161c0 f   interop.obj
 0001:00015654       sqlite3BitvecCreate        10016654 f   interop.obj
 0001:000156a4       sqlite3PcacheFetch         100166a4 f   interop.obj
 0001:00015c0c       numberOfCachePages         10016c0c f   interop.obj
 0001:00015cec       sqlite3PcacheDrop          10016cec f   interop.obj
 0001:00015dc0       assert_pager_state         10016dc0 f   interop.obj
 0001:000165e0       addToSavepointBitvecs      100175e0 f   interop.obj
 0001:000166c8       readDbPage                 100176c8 f   interop.obj
 0001:000169a0       sqlite3OsRead              100179a0 f   interop.obj
 0001:000169f8       pagerUnlockIfUnused        100179f8 f   interop.obj
 0001:00016a38       pagerUnlockAndRollback     10017a38 f   interop.obj
 0001:00016b14       pager_unlock               10017b14 f   interop.obj
 0001:00016de0       sqlite3OsClose             10017de0 f   interop.obj
 0001:00016e50       sqlite3OsDeviceCharacteristics 10017e50 f   interop.obj
 0001:00016e94       sqlite3BitvecDestroy       10017e94 f   interop.obj
 0001:00016f20       pagerUnlockDb              10017f20 f   interop.obj
 0001:00017060       sqlite3OsUnlock            10018060 f   interop.obj
 0001:000170a8       releaseAllSavepoints       100180a8 f   interop.obj
 0001:000171a0       pager_end_transaction      100181a0 f   interop.obj
 0001:000175e4       sqlite3OsTruncate          100185e4 f   interop.obj
 0001:00017630       sqlite3OsDelete            10018630 f   interop.obj
 0001:000176a0       sqlite3PcacheCleanAll      100186a0 f   interop.obj
 0001:000176dc       zeroJournalHdr             100186dc f   interop.obj
 0001:00017940       sqlite3OsSync              10018940 f   interop.obj
 0001:00017988       sqlite3PagerUnref          10018988 f   interop.obj
 0001:000179cc       sqlite3PcacheRelease       100189cc f   interop.obj
 0001:00017a9c       pcacheAddToDirtyList       10018a9c f   interop.obj
 0001:00017c0c       sqlite3PagerSync           10018c0c f   interop.obj
 0001:00017d14       sqlite3OsFileControl       10018d14 f   interop.obj
 0001:00017d60       sqlite3PagerCommitPhaseOne 10018d60 f   interop.obj
 0001:00018308       sqlite3PcacheDirtyList     10019308 f   interop.obj
 0001:00018384       pcacheSortDirtyList        10019384 f   interop.obj
 0001:000185ac       pcacheMergeDirtyList       100195ac f   interop.obj
 0001:000186b8       writeMasterJournal         100196b8 f   interop.obj
 0001:00018b8c       write32bits                10019b8c f   interop.obj
 0001:00018bdc       sqlite3Put4byte            10019bdc f   interop.obj
 0001:00018c44       journalHdrOffset           10019c44 f   interop.obj
 0001:00018e3c       pager_truncate             10019e3c f   interop.obj
 0001:00019134       syncJournal                1001a134 f   interop.obj
 0001:00019638       sqlite3PcacheClearSyncFlags 1001a638 f   interop.obj
 0001:000196c4       writeJournalHdr            1001a6c4 f   interop.obj
 0001:00019b28       pager_write_pagelist       1001ab28 f   interop.obj
 0001:00019f24       sqlite3OsFileControlHint   1001af24 f   interop.obj
 0001:00019f58       pager_write_changecounter  1001af58 f   interop.obj
 0001:00019fe0       sqlite3Get4byte            1001afe0 f   interop.obj
 0001:0001a044       pagerOpentemp              1001b044 f   interop.obj
 0001:0001a0cc       sqlite3OsOpen              1001b0cc f   interop.obj
 0001:0001a160       sqlite3PagerWrite          1001b160 f   interop.obj
 0001:0001a674       pager_lookup               1001b674 f   interop.obj
 0001:0001a6b4       pager_write                1001b6b4 f   interop.obj
 0001:0001add4       sqlite3PcacheMakeDirty     1001bdd4 f   interop.obj
 0001:0001ae74       pageInJournal              1001be74 f   interop.obj
 0001:0001aec0       pager_cksum                1001bec0 f   interop.obj
 0001:0001af40       subjournalPage             1001bf40 f   interop.obj
 0001:0001b244       openSubJournal             1001c244 f   interop.obj
 0001:0001b2e8       pager_open_journal         1001c2e8 f   interop.obj
 0001:0001b610       pager_incr_changecounter   1001c610 f   interop.obj
 0001:0001b934       sqlite3PagerExclusiveLock  1001c934 f   interop.obj
 0001:0001b9ec       pager_wait_on_lock         1001c9ec f   interop.obj
 0001:0001bad0       pagerLockDb                1001cad0 f   interop.obj
 0001:0001bbc0       sqlite3OsLock              1001cbc0 f   interop.obj
 0001:0001bc08       sqlite3PagerRollback       1001cc08 f   interop.obj
 0001:0001be40       pager_error                1001ce40 f   interop.obj
 0001:0001bf28       pager_playback             1001cf28 f   interop.obj
 0001:0001c5a0       sqlite3OsAccess            1001d5a0 f   interop.obj
 0001:0001c5f4       readMasterJournal          1001d5f4 f   interop.obj
 0001:0001c83c       read32bits                 1001d83c f   interop.obj
 0001:0001c8b4       readJournalHdr             1001d8b4 f   interop.obj
 0001:0001cd64       pager_playback_one_page    1001dd64 f   interop.obj
 0001:0001d77c       pager_delmaster            1001e77c f   interop.obj
 0001:0001db18       setSectorSize              1001eb18 f   interop.obj
 0001:0001dbd8       sqlite3SectorSize          1001ebd8 f   interop.obj
 0001:0001dc3c       sqlite3OsSectorSize        1001ec3c f   interop.obj
 0001:0001dca8       sqlite3PagerSavepoint      1001eca8 f   interop.obj
 0001:0001df20       pagerPlaybackSavepoint     1001ef20 f   interop.obj
 0001:0001e6e4       sqlite3PagerFile           1001f6e4 f   interop.obj
 0001:0001e710       sqlite3PagerGetData        1001f710 f   interop.obj
 0001:0001e77c       sqlite3PagerGetJournalMode 1001f77c f   interop.obj
 0001:0001e7a8       sqlite3BtreeLastPage       1001f7a8 f   interop.obj
 0001:0001e834       sqlite3BtreeHoldsMutex     1001f834 f   interop.obj
 0001:0001e9f8       btreePagecount             1001f9f8 f   interop.obj
 0001:0001ea24       sqlite3BtreeNewDb          1001fa24 f   interop.obj
 0001:0001ea8c       newDatabase                1001fa8c f   interop.obj
 0001:0001eda0       zeroPage                   1001fda0 f   interop.obj
 0001:0001f128       sqlite3PagerPagenumber     10020128 f   interop.obj
 0001:0001f154       sqlite3PagerIswriteable    10020154 f   interop.obj
 0001:0001f184       sqlite3PagerGetExtra       10020184 f   interop.obj
 0001:0001f1b0       decodeFlags                100201b0 f   interop.obj
 0001:0001f3c0       sqlite3BtreeBeginTrans     100203c0 f   interop.obj
 0001:0001faac       sqlite3PagerBegin          10020aac f   interop.obj
 0001:0001fd64       sqlite3PagerOpenSavepoint  10020d64 f   interop.obj
 0001:00020094       querySharedCacheTableLock  10021094 f   interop.obj
 0001:000203ac       btreeInvokeBusyHandler     100213ac f   interop.obj
 0001:0002044c       lockBtree                  1002144c f   interop.obj
 0001:00020a40       sqlite3PagerPagecount      10021a40 f   interop.obj
 0001:00020ab4       sqlite3PagerSharedLock     10021ab4 f   interop.obj
 0001:00021160       pagerPagecount             10022160 f   interop.obj
 0001:0002131c       pagerSyncHotJournal        1002231c f   interop.obj
 0001:000213ac       hasHotJournal              100223ac f   interop.obj
 0001:00021710       sqlite3OsCheckReservedLock 10022710 f   interop.obj
 0001:00021758       btreeGetPage               10022758 f   interop.obj
 0001:00021808       btreePageFromDbPage        10022808 f   interop.obj
 0001:000218c8       releasePage                100228c8 f   interop.obj
 0001:000219ec       unlockBtreeIfUnused        100229ec f   interop.obj
 0001:00021b38       sqlite3PagerRefcount       10022b38 f   interop.obj
 0001:00021b70       sqlite3BtreeCommitPhaseOne 10022b70 f   interop.obj
 0001:00021c38       autoVacuumCommit           10022c38 f   interop.obj
 0001:00022088       invalidateAllOverflowCache 10023088 f   interop.obj
 0001:0002210c       invalidateOverflowCache    1002310c f   interop.obj
 0001:0002216c       cursorHoldsMutex           1002316c f   interop.obj
 0001:000221ac       ptrmapPageno               100231ac f   interop.obj
 0001:000222bc       incrVacuumStep             100232bc f   interop.obj
 0001:0002273c       ptrmapGet                  1002373c f   interop.obj
 0001:00022914       relocatePage               10023914 f   interop.obj
 0001:00022bb0       sqlite3PagerMovepage       10023bb0 f   interop.obj
 0001:00022fbc       sqlite3BitvecClear         10023fbc f   interop.obj
 0001:0002329c       sqlite3PcacheMove          1002429c f   interop.obj
 0001:00023384       ptrmapPut                  10024384 f   interop.obj
 0001:00023658       setChildPtrmaps            10024658 f   interop.obj
 0001:00023874       ptrmapPutOvflPtr           10024874 f   interop.obj
 0001:000239a8       btreeParseCellPtr          100249a8 f   interop.obj
 0001:00023ddc       sqlite3GetVarint           10024ddc f   interop.obj
 0001:00024348       sqlite3GetVarint32         10025348 f   interop.obj
 0001:00024504       btreeInitPage              10025504 f   interop.obj
 0001:00024ae0       modifyPagePointer          10025ae0 f   interop.obj
 0001:00024e10       sqlite3BtreeCommitPhaseTwo 10025e10 f   interop.obj
 0001:00024fb0       sqlite3PagerCommitPhaseTwo 10025fb0 f   interop.obj
 0001:000251c0       btreeEndTransaction        100261c0 f   interop.obj
 0001:00025358       clearAllSharedCacheTableLocks 10026358 f   interop.obj
 0001:00025600       downgradeAllSharedCacheTableLocks 10026600 f   interop.obj
 0001:000256f8       btreeClearHasContent       100266f8 f   interop.obj
 0001:00025728       allocateBtreePage          10026728 f   interop.obj
 0001:00026500       sqlite3AbsInt32            10027500 f   interop.obj
 0001:00026558       sqlite3PagerPageRefcount   10027558 f   interop.obj
 0001:00026588       sqlite3PcachePageRefcount  10027588 f   interop.obj
 0001:000265b4       btreeGetHasContent         100275b4 f   interop.obj
 0001:00026640       sqlite3BitvecSize          10027640 f   interop.obj
 0001:00026668       sqlite3BtreeGetMeta        10027668 f   interop.obj
 0001:0002677c       sqlite3BtreeUpdateMeta     1002777c f   interop.obj
 0001:00026910       sqlite3BtreeIsInReadTrans  10027910 f   interop.obj
 0001:000269ac       sqlite3BtreeSetVersion     100279ac f   interop.obj
 0001:00026b88       isFatalError               10027b88 f   interop.obj
 0001:00026c14       backupOnePage              10027c14 f   interop.obj
 0001:00027114       sqlite3PagerIsMemdb        10028114 f   interop.obj
 0001:00027140       sqlite3PagerGetCodec       10028140 f   interop.obj
 0001:0002716c       sqlite3BtreeGetReserveNoMutex 1002816c f   interop.obj
 0001:000271f0       sqlite3BtreeGetReserve     100281f0 f   interop.obj
 0001:00027254       backupTruncateFile         10028254 f   interop.obj
 0001:0002730c       attachBackupObject         1002830c f   interop.obj
 0001:000273ac       sqlite3PagerBackupPtr      100283ac f   interop.obj
 0001:000275c4       sqlite3BtreeRollback       100285c4 f   interop.obj
 0001:000277fc       saveAllCursors             100287fc f   interop.obj
 0001:0002792c       saveCursorPosition         1002892c f   interop.obj
 0001:00027b80       countWriteCursors          10028b80 f   interop.obj
 0001:00027c14       sqlite3BtreeTripAllCursors 10028c14 f   interop.obj
 0001:00027d24       sqlite3BtreeClearCursor    10028d24 f   interop.obj
 0001:00027d94       sqlite3BtreeKeySize        10028d94 f   interop.obj
 0001:00027e7c       getCellInfo                10028e7c f   interop.obj
 0001:00027f1c       btreeParseCell             10028f1c f   interop.obj
 0001:00027fa8       assertCellInfo             10028fa8 f   interop.obj
 0001:00028058       sqlite3BtreeKey            10029058 f   interop.obj
 0001:000281a4       accessPayload              100291a4 f   interop.obj
 0001:00028938       getOverflowPage            10029938 f   interop.obj
 0001:00028bb4       copyPayload                10029bb4 f   interop.obj
 0001:00028c8c       sqlite3BackupUpdate        10029c8c f   interop.obj
 0001:00028df0       sqlite3BackupRestart       10029df0 f   interop.obj
 0001:00028e84       sqlite3ValueNew            10029e84 f   interop.obj
 0001:00028ef8       sqlite3ValueSetStr         10029ef8 f   interop.obj
 0001:00028f38       sqlite3VdbeMemSetStr       10029f38 f   interop.obj
 0001:00029384       sqlite3VdbeMemHandleBom    1002a384 f   interop.obj
 0001:00029550       sqlite3VdbeMemGrow         1002a550 f   interop.obj
 0001:00029960       sqlite3DbReallocOrFree     1002a960 f   interop.obj
 0001:000299b8       sqlite3VdbeMemMakeWriteable 1002a9b8 f   interop.obj
 0001:00029b6c       sqlite3VdbeMemExpandBlob   1002ab6c f   interop.obj
 0001:00029d14       sqlite3VdbeMemRelease      1002ad14 f   interop.obj
 0001:00029d94       sqlite3VdbeMemReleaseExternal 1002ad94 f   interop.obj
 0001:00029f38       sqlite3RowSetClear         1002af38 f   interop.obj
 0001:00029ff4       sqlite3VdbeMemFinalize     1002aff4 f   interop.obj
 0001:0002a1a4       sqlite3VdbeMemSetNull      1002b1a4 f   interop.obj
 0001:0002a2e0       sqlite3VdbeClearObject     1002b2e0 f   interop.obj
 0001:0002a4a0       vdbeFreeOpArray            1002b4a0 f   interop.obj
 0001:0002a540       freeP4                     1002b540 f   interop.obj
 0001:0002a6e4       sqlite3ValueFree           1002b6e4 f   interop.obj
 0001:0002a71c       freeEphemeralFunction      1002b71c f   interop.obj
 0001:0002a790       releaseMemArray            1002b790 f   interop.obj
 0001:0002a944       sqlite3VdbeDeleteAuxData   1002b944 f   interop.obj
 0001:0002ab44       sqlite3ApiExit             1002bb44 f   interop.obj
 0001:0002ac30       sqlite3VdbeFinalize        1002bc30 f   interop.obj
 0001:0002ace4       sqlite3VdbeReset           1002bce4 f   interop.obj
 0001:0002ae54       Cleanup                    1002be54 f   interop.obj
 0001:0002afb4       sqlite3VdbeHalt            1002bfb4 f   interop.obj
 0001:0002b6ac       sqlite3VdbeEnter           1002c6ac f   interop.obj
 0001:0002b7e4       sqlite3VdbeLeave           1002c7e4 f   interop.obj
 0001:0002b91c       closeAllCursors            1002c91c f   interop.obj
 0001:0002bad4       sqlite3VdbeFrameDelete     1002cad4 f   interop.obj
 0001:0002bb98       sqlite3VdbeFreeCursor      1002cb98 f   interop.obj
 0001:0002bca4       sqlite3BtreeClose          1002cca4 f   interop.obj
 0001:0002bf34       sqlite3PagerClose          1002cf34 f   interop.obj
 0001:0002c0f4       sqlite3PcacheClose         1002d0f4 f   interop.obj
 0001:0002c138       removeFromSharingList      1002d138 f   interop.obj
 0001:0002c2f8       sqlite3BtreeCloseCursor    1002d2f8 f   interop.obj
 0001:0002c444       sqlite3VdbeFrameRestore    1002d444 f   interop.obj
 0001:0002c590       vdbeCommit                 1002d590 f   interop.obj
 0001:0002ce74       sqlite3OsOpenMalloc        1002de74 f   interop.obj
 0001:0002cf14       sqlite3OsCloseFree         1002df14 f   interop.obj
 0001:0002cf78       sqlite3MPrintf             1002df78 f   interop.obj
 0001:0002cfcc       sqlite3BtreeSyncDisabled   1002dfcc f   interop.obj
 0001:0002d088       sqlite3PagerNosync         1002e088 f   interop.obj
 0001:0002d0b4       sqlite3BtreeGetFilename    1002e0b4 f   interop.obj
 0001:0002d11c       sqlite3PagerFilename       1002e11c f   interop.obj
 0001:0002d180       sqlite3BtreeGetJournalname 1002e180 f   interop.obj
 0001:0002d1e4       sqlite3PagerJournalname    1002e1e4 f   interop.obj
 0001:0002d210       sqlite3BtreeIsInTrans      1002e210 f   interop.obj
 0001:0002d2a8       checkActiveVdbeCnt         1002e2a8 f   interop.obj
 0001:0002d3ac       sqlite3VdbeCloseStatement  1002e3ac f   interop.obj
 0001:0002d64c       sqlite3BtreeSavepoint      1002e64c f   interop.obj
 0001:0002d7d8       sqlite3VdbeCheckFk         1002e7d8 f   interop.obj
 0001:0002d8f4       sqlite3SetString           1002e8f4 f   interop.obj
 0001:0002d958       sqlite3VdbeTransferError   1002e958 f   interop.obj
 0001:0002da24       sqlite3VdbeDelete          1002ea24 f   interop.obj
 0001:0002db9c       sqlite3VdbeSetChanges      1002eb9c f   interop.obj
 0001:0002dc14       vdbeSafety                 1002ec14 f   interop.obj
 0001:0002dd40       sqlite3VdbeRewind          1002ed40 f   interop.obj
 0001:0002e120       sqlite3ValueBytes          1002f120 f   interop.obj
 0001:0002e1cc       sqlite3ValueText           1002f1cc f   interop.obj
 0001:0002e4c8       sqlite3VdbeChangeEncoding  1002f4c8 f   interop.obj
 0001:0002e678       sqlite3VdbeMemTranslate    1002f678 f   interop.obj
 0001:0002f45c       sqlite3VdbeMemNulTerminate 1003045c f   interop.obj
 0001:0002f5a0       sqlite3VdbeMemStringify    100305a0 f   interop.obj
 0001:0002f89c       sqlite3VdbeRealValue       1003089c f   interop.obj
 0001:0002fa5c       sqlite3VdbeIntValue        10030a5c f   interop.obj
 0001:0002fc18       sqlite3Atoi64              10030c18 f   interop.obj
 0001:000300dc       compare2pow63              100310dc f   interop.obj
 0001:000301ac       doubleToInt64              100311ac f   interop.obj
 0001:000304c4       setResultStrOrError        100314c4 f   interop.obj
 0001:00030578       sqlite3VdbeMemSetDouble    10031578 f   interop.obj
 0001:00030798       sqlite3VdbeMemSetInt64     10031798 f   interop.obj
 0001:00030af8       sqlite3VdbeMemCopy         10031af8 f   interop.obj
 0001:00030c6c       sqlite3VdbeMemSetZeroBlob  10031c6c f   interop.obj
 0001:00031118       sqlite3DbStrDup            10032118 f   interop.obj
 0001:000311c8       vdbeSafetyNotNull          100321c8 f   interop.obj
 0001:00031224       sqlite3Step                10032224 f   interop.obj
 0001:00031714       sqlite3VdbeList            10032714 f   interop.obj
 0001:00032224       sqlite3OpcodeName          10033224 f   interop.obj
 0001:00032260       displayP4                  10033260 f   interop.obj
 0001:00032850       doWalCallbacks             10033850 f   interop.obj
 0001:00032ef4       columnMem                  10033ef4 f   interop.obj
 0001:00033020       columnMallocFailure        10034020 f   interop.obj
[...]
 0001:000de5bc       fts3SegReaderFirstDocid    100df5bc f   interop.obj
 0001:000de754       sqlite3Fts3SegReaderStep   100df754 f   interop.obj
 0001:000df28c       sqlite3Fts3VarintLen       100e028c f   interop.obj
 0001:000df310       sqlite3Fts3FirstFilter     100e0310 f   interop.obj
 0001:000df520       sqlite3Fts3SegReaderFinish 100e0520 f   interop.obj
 0001:000df5e0       sqlite3Fts3PendingTermsFlush 100e05e0 f   interop.obj
 0001:000df794       fts3SegmentMerge           100e0794 f   interop.obj
 0001:000dfc88       fts3AllocateSegdirIdx      100e0c88 f   interop.obj
 0001:000dfde8       fts3SegWriterAdd           100e0de8 f   interop.obj
 0001:000e04f4       fts3WriteSegment           100e14f4 f   interop.obj
 0001:000e0590       fts3PrefixCompress         100e1590 f   interop.obj
 0001:000e0608       fts3NodeAddTerm            100e1608 f   interop.obj
 0001:000e0af0       fts3SegWriterFlush         100e1af0 f   interop.obj
 0001:000e0d9c       fts3WriteSegdir            100e1d9c f   interop.obj
 0001:000e0e84       fts3NodeWrite              100e1e84 f   interop.obj
 0001:000e1120       fts3TreeFinishNode         100e2120 f   interop.obj
 0001:000e11d0       fts3SegWriterFree          100e21d0 f   interop.obj
 0001:000e1220       fts3NodeFree               100e2220 f   interop.obj
 0001:000e12fc       fts3SegmentMaxLevel        100e22fc f   interop.obj
 0001:000e1440       fts3DeleteSegdir           100e2440 f   interop.obj
 0001:000e163c       fts3DeleteSegment          100e263c f   interop.obj
 0001:000e1734       sqlite3Fts3Incrmerge       100e2734 f   interop.obj
 0001:000e1d08       fts3IncrmergeCsr           100e2d08 f   interop.obj
 0001:000e1f5c       fts3IncrmergeAppend        100e2f5c f   interop.obj
 0001:000e22a0       blobGrowBuffer             100e32a0 f   interop.obj
 0001:000e233c       fts3IncrmergePush          100e333c f   interop.obj
 0001:000e2850       fts3AppendToNode           100e3850 f   interop.obj
 0001:000e2b7c       fts3IncrmergeRelease       100e3b7c f   interop.obj
 0001:000e2f10       fts3IncrmergeLoad          100e3f10 f   interop.obj
 0001:000e365c       nodeReaderNext             100e465c f   interop.obj
 0001:000e39b8       nodeReaderRelease          100e49b8 f   interop.obj
 0001:000e39d8       nodeReaderInit             100e49d8 f   interop.obj
 0001:000e3a8c       fts3TermCmp                100e4a8c f   interop.obj
 0001:000e3b14       fts3IsAppendable           100e4b14 f   interop.obj
 0001:000e3bc8       fts3IncrmergeOutputIdx     100e4bc8 f   interop.obj
 0001:000e3c74       fts3IncrmergeWriter        100e4c74 f   interop.obj
 0001:000e3fe4       fts3IncrmergeChomp         100e4fe4 f   interop.obj
 0001:000e4250       fts3RemoveSegdirEntry      100e5250 f   interop.obj
 0001:000e42e8       fts3RepackSegdirLevel      100e52e8 f   interop.obj
 0001:000e4590       fts3TruncateSegment        100e5590 f   interop.obj
 0001:000e499c       fts3TruncateNode           100e599c f   interop.obj
 0001:000e4be4       fts3StartNode              100e5be4 f   interop.obj
 0001:000e4cd8       fts3IncrmergeHintStore     100e5cd8 f   interop.obj
 0001:000e4d84       fts3IncrmergeHintLoad      100e5d84 f   interop.obj
 0001:000e4eb8       fts3IncrmergeHintPush      100e5eb8 f   interop.obj
 0001:000e4f90       fts3IncrmergeHintPop       100e5f90 f   interop.obj
 0001:000e50d8       sqlite3Fts3FreeDeferredDoclists 100e60d8 f   interop.obj
 0001:000e5144       sqlite3Fts3FreeDeferredTokens 100e6144 f   interop.obj
 0001:000e51c0       sqlite3Fts3CacheDeferredDoclists 100e61c0 f   interop.obj
 0001:000e5588       fts3PendingListAppendVarint 100e6588 f   interop.obj
 0001:000e5738       fts3PendingListAppend      100e6738 f   interop.obj
 0001:000e5cb4       sqlite3Fts3DeferredTokenList 100e6cb4 f   interop.obj
 0001:000e5dc8       sqlite3Fts3DeferToken      100e6dc8 f   interop.obj
 0001:000e5ea0       sqlite3Fts3UpdateMethod    100e6ea0 f   interop.obj
 0001:000e6528       fts3PendingTermsDocid      100e7528 f   interop.obj
 0001:000e6658       fts3InsertTerms            100e7658 f   interop.obj
 0001:000e679c       fts3PendingTermsAdd        100e779c f   interop.obj
 0001:000e6a7c       fts3PendingTermsAddOne     100e7a7c f   interop.obj
 0001:000e6c08       fts3InsertData             100e7c08 f   interop.obj
 0001:000e6eb8       fts3InsertDocsize          100e7eb8 f   interop.obj
 0001:000e6fec       fts3EncodeIntArray         100e7fec f   interop.obj
 0001:000e7084       fts3UpdateDocTotals        100e8084 f   interop.obj
 0001:000e7404       fts3DecodeIntArray         100e8404 f   interop.obj
 0001:000e74b4       fts3SpecialInsert          100e84b4 f   interop.obj
 0001:000e76a0       fts3DoOptimize             100e86a0 f   interop.obj
 0001:000e7838       fts3DoRebuild              100e8838 f   interop.obj
 0001:000e7c94       fts3DeleteAll              100e8c94 f   interop.obj
 0001:000e7d90       fts3SqlExec                100e8d90 f   interop.obj
 0001:000e7e10       langidFromSelect           100e8e10 f   interop.obj
 0001:000e7e74       fts3DoIncrmerge            100e8e74 f   interop.obj
 0001:000e7fac       fts3Getint                 100e8fac f   interop.obj
 0001:000e8040       fts3DoAutoincrmerge        100e9040 f   interop.obj
 0001:000e8190       fts3DoIntegrityCheck       100e9190 f   interop.obj
 0001:000e81f8       fts3IntegrityCheck         100e91f8 f   interop.obj
 0001:000e8798       fts3ChecksumEntry          100e9798 f   interop.obj
 0001:000e89a8       fts3ChecksumIndex          100e99a8 f   interop.obj
 0001:000e8d2c       fts3DeleteByRowid          100e9d2c f   interop.obj
 0001:000e8e88       fts3DeleteTerms            100e9e88 f   interop.obj
 0001:000e90ac       fts3IsEmpty                100ea0ac f   interop.obj
 0001:000e9170       sqlite3Fts3Optimize        100ea170 f   interop.obj
 0001:000e92a8       sqlite3Fts3Snippet         100ea2a8 f   interop.obj
 0001:000e9718       fts3BestSnippet            100ea718 f   interop.obj
 0001:000e99b4       fts3ExprIterate            100ea9b4 f   interop.obj
 0001:000e99f8       fts3ExprIterate2           100ea9f8 f   interop.obj
 0001:000e9b14       fts3ExprLoadDoclists       100eab14 f   interop.obj
 0001:000e9bb0       fts3ExprLoadDoclistsCb     100eabb0 f   interop.obj
 0001:000e9c38       fts3SnippetNextCandidate   100eac38 f   interop.obj
 0001:000e9e5c       fts3SnippetAdvance         100eae5c f   interop.obj
 0001:000e9ef4       fts3GetDeltaPosition       100eaef4 f   interop.obj
 0001:000e9f54       fts3SnippetDetails         100eaf54 f   interop.obj
 0001:000ea23c       fts3SnippetFindPositions   100eb23c f   interop.obj
 0001:000ea3e0       sqlite3Fts3EvalPhrasePoslist 100eb3e0 f   interop.obj
 0001:000eab20       sqlite3Fts3DoclistNext     100ebb20 f   interop.obj
 0001:000ead28       fts3EvalRestart            100ebd28 f   interop.obj
 0001:000eaeb4       sqlite3Fts3MsrIncrRestart  100ebeb4 f   interop.obj
 0001:000eb048       fts3SnippetText            100ec048 f   interop.obj
 0001:000eb4f4       fts3StringAppend           100ec4f4 f   interop.obj
 0001:000eb634       fts3SnippetShift           100ec634 f   interop.obj
 0001:000eb984       sqlite3Fts3Offsets         100ec984 f   interop.obj
 0001:000ebf5c       fts3ExprTermOffsetInit     100ecf5c f   interop.obj
 0001:000ec0b0       sqlite3Fts3Matchinfo       100ed0b0 f   interop.obj
 0001:000ec21c       fts3MatchinfoCheck         100ed21c f   interop.obj
 0001:000ec2fc       fts3GetMatchinfo           100ed2fc f   interop.obj
 0001:000ec5f4       fts3ExprPhraseCount        100ed5f4 f   interop.obj
 0001:000ec634       fts3ExprPhraseCountCb      100ed634 f   interop.obj
 0001:000ec66c       fts3MatchinfoSize          100ed66c f   interop.obj
 0001:000ec774       fts3MatchinfoValues        100ed774 f   interop.obj
 0001:000ecca0       sqlite3Fts3SelectDocsize   100edca0 f   interop.obj
 0001:000eccdc       fts3SelectDocsize          100edcdc f   interop.obj
 0001:000ecdd4       fts3ExprGlobalHitsCb       100eddd4 f   interop.obj
 0001:000ece48       sqlite3Fts3EvalPhraseStats 100ede48 f   interop.obj
 0001:000ed0b8       fts3EvalGatherStats        100ee0b8 f   interop.obj
 0001:000ed574       fts3EvalUpdateCounts       100ee574 f   interop.obj
 0001:000ed7a8       fts3ExprLocalHitsCb        100ee7a8 f   interop.obj
 0001:000ed8e4       fts3ColumnlistCount        100ee8e4 f   interop.obj
 0001:000ed988       fts3MatchinfoSelectDoctotal 100ee988 f   interop.obj
 0001:000edabc       fts3MatchinfoLcs           100eeabc f   interop.obj
 0001:000ede6c       fts3MatchinfoLcsCb         100eee6c f   interop.obj
 0001:000edeb4       fts3LcsIteratorAdvance     100eeeb4 f   interop.obj
 0001:000edfa8       rtreeCreate                100eefa8 f   interop.obj
 0001:000edffc       rtreeConnect               100eeffc f   interop.obj
 0001:000ee050       rtreeDisconnect            100ef050 f   interop.obj
 0001:000ee07c       rtreeRelease               100ef07c f   interop.obj
 0001:000ee154       rtreeDestroy               100ef154 f   interop.obj
 0001:000ee250       rtreeOpen                  100ef250 f   interop.obj
 0001:000ee2cc       rtreeClose                 100ef2cc f   interop.obj
 0001:000ee334       nodeRelease                100ef334 f   interop.obj
 0001:000ee478       nodeHashDelete             100ef478 f   interop.obj
 0001:000ee574       nodeHash                   100ef574 f   interop.obj
 0001:000ee6bc       nodeWrite                  100ef6bc f   interop.obj
 0001:000ee858       nodeHashInsert             100ef858 f   interop.obj
 0001:000ee908       freeCursorConstraints      100ef908 f   interop.obj
 0001:000ee9f8       rtreeEof                   100ef9f8 f   interop.obj
 0001:000eea4c       rtreeNext                  100efa4c f   interop.obj
 0001:000eec4c       readInt16                  100efc4c f   interop.obj
 0001:000eec88       nodeReference              100efc88 f   interop.obj
 0001:000eecc0       descendToCell              100efcc0 f   interop.obj
 0001:000eef3c       nodeAcquire                100eff3c f   interop.obj
 0001:000ef31c       nodeHashLookup             100f031c f   interop.obj
 0001:000ef3f8       nodeGetRowid               100f03f8 f   interop.obj
 0001:000ef494       readInt64                  100f0494 f   interop.obj
 0001:000ef5e0       testRtreeCell              100f05e0 f   interop.obj
 0001:000efaa0       nodeGetCell                100f0aa0 f   interop.obj
 0001:000efb54       nodeGetCoord               100f0b54 f   interop.obj
 0001:000efba4       readCoord                  100f0ba4 f   interop.obj
 0001:000efc10       testRtreeGeom              100f0c10 f   interop.obj
 0001:000efda8       testRtreeEntry             100f0da8 f   interop.obj
 0001:000f0220       nodeParentIndex            100f1220 f   interop.obj
 0001:000f02a8       nodeRowidIndex             100f12a8 f   interop.obj
 0001:000f039c       rtreeRowid                 100f139c f   interop.obj
 0001:000f0438       rtreeColumn                100f1438 f   interop.obj
 0001:000f0568       rtreeFilter                100f1568 f   interop.obj
 0001:000f0aa0       rtreeReference             100f1aa0 f   interop.obj
 0001:000f0acc       findLeafNode               100f1acc f   interop.obj
 0001:000f0bbc       deserializeGeometry        100f1bbc f   interop.obj
 0001:000f0d84       rtreeBestIndex             100f1d84 f   interop.obj
 0001:000f1260       rtreeUpdate                100f2260 f   interop.obj
 0001:000f17fc       ChooseLeaf                 100f27fc f   interop.obj
 0001:000f1a9c       cellArea                   100f2a9c f   interop.obj
 0001:000f1c7c       cellGrowth                 100f2c7c f   interop.obj
 0001:000f1d20       cellUnion                  100f2d20 f   interop.obj
 0001:000f20a8       rtreeInsertCell            100f30a8 f   interop.obj
 0001:000f22c8       nodeInsertCell             100f32c8 f   interop.obj
 0001:000f23d4       writeInt16                 100f33d4 f   interop.obj
 0001:000f2428       nodeOverwriteCell          100f3428 f   interop.obj
 0001:000f2518       writeCoord                 100f3518 f   interop.obj
 0001:000f25ac       writeInt64                 100f35ac f   interop.obj
 0001:000f26c8       AdjustTree                 100f36c8 f   interop.obj
 0001:000f27a4       cellContains               100f37a4 f   interop.obj
 0001:000f2928       rowidWrite                 100f3928 f   interop.obj
 0001:000f29a8       parentWrite                100f39a8 f   interop.obj
 0001:000f2a28       SplitNode                  100f3a28 f   interop.obj
 0001:000f31a4       nodeZero                   100f41a4 f   interop.obj
 0001:000f31ec       nodeNew                    100f41ec f   interop.obj
 0001:000f32a0       splitNodeStartree          100f42a0 f   interop.obj
 0001:000f3ad0       cellMargin                 100f4ad0 f   interop.obj
 0001:000f3cac       cellOverlap                100f4cac f   interop.obj
 0001:000f43a8       SortByDimension            100f53a8 f   interop.obj
 0001:000f499c       updateMapping              100f599c f   interop.obj
 0001:000f4a84       Reinsert                   100f5a84 f   interop.obj
 0001:000f5578       SortByDistance             100f6578 f   interop.obj
 0001:000f5858       fixBoundingBox             100f6858 f   interop.obj
 0001:000f5998       newRowid                   100f6998 f   interop.obj
 0001:000f5a40       rtreeDeleteRowid           100f6a40 f   interop.obj
 0001:000f5d94       removeNode                 100f6d94 f   interop.obj
 0001:000f5fec       deleteCell                 100f6fec f   interop.obj
 0001:000f616c       nodeDeleteCell             100f716c f   interop.obj
 0001:000f6258       fixLeafParent              100f7258 f   interop.obj
 0001:000f64a0       reinsertNodeContent        100f74a0 f   interop.obj
 0001:000f65c0       rtreeValueDown             100f75c0 f   interop.obj
 0001:000f66f0       rtreeValueUp               100f76f0 f   interop.obj
 0001:000f681c       rtreeRename                100f781c f   interop.obj
 0001:000f6918       rtreeInit                  100f7918 f   interop.obj
 0001:000f6e00       rtreeSqlInit               100f7e00 f   interop.obj
 0001:000f7034       getNodeSize                100f8034 f   interop.obj
 0001:000f7178       getIntFromStmt             100f8178 f   interop.obj
 0001:000f7234       sqlite3RtreeInit           100f8234 f   interop.obj
 0001:000f7388       rtreenode                  100f8388 f   interop.obj
 0001:000f75e8       rtreedepth                 100f85e8 f   interop.obj
 0001:000f7734       doSqlite3Free              100f8734 f   interop.obj
 0001:000f774c       geomCallback               100f874c f   interop.obj
 0001:000f78a4       sqrtFunc                   100f88a4 f   interop.obj
 0001:000f79a8       acosFunc                   100f89a8 f   interop.obj
 0001:000f7aac       asinFunc                   100f8aac f   interop.obj
 0001:000f7bb0       atanFunc                   100f8bb0 f   interop.obj
 0001:000f7cb4       acoshFunc                  100f8cb4 f   interop.obj
 0001:000f7db8       acosh                      100f8db8 f   interop.obj
 0001:000f7e68       asinhFunc                  100f8e68 f   interop.obj
 0001:000f7f6c       asinh                      100f8f6c f   interop.obj
 0001:000f8018       atanhFunc                  100f9018 f   interop.obj
 0001:000f811c       atanh                      100f911c f   interop.obj
 0001:000f81f4       sinFunc                    100f91f4 f   interop.obj
 0001:000f82f8       cosFunc                    100f92f8 f   interop.obj
 0001:000f83fc       tanFunc                    100f93fc f   interop.obj
 0001:000f8500       cotFunc                    100f9500 f   interop.obj
 0001:000f8604       cot                        100f9604 f   interop.obj
 0001:000f8668       sinhFunc                   100f9668 f   interop.obj
 0001:000f876c       coshFunc                   100f976c f   interop.obj
 0001:000f8870       tanhFunc                   100f9870 f   interop.obj
 0001:000f8974       cothFunc                   100f9974 f   interop.obj
 0001:000f8a78       coth                       100f9a78 f   interop.obj
 0001:000f8adc       logFunc                    100f9adc f   interop.obj
 0001:000f8be0       log10Func                  100f9be0 f   interop.obj
 0001:000f8ce4       expFunc                    100f9ce4 f   interop.obj
 0001:000f8de8       rad2degFunc                100f9de8 f   interop.obj
 0001:000f8eec       rad2deg                    100f9eec f   interop.obj
 0001:000f8f60       deg2radFunc                100f9f60 f   interop.obj
 0001:000f9064       deg2rad                    100fa064 f   interop.obj
 0001:000f90d8       piFunc                     100fa0d8 f   interop.obj
 0001:000f9100       squareFunc                 100fa100 f   interop.obj
 0001:000f9258       powerFunc                  100fa258 f   interop.obj
 0001:000f93b8       atn2Func                   100fa3b8 f   interop.obj
 0001:000f94cc       signFunc                   100fa4cc f   interop.obj
 0001:000f9710       ceilFunc                   100fa710 f   interop.obj
 0001:000f9830       floorFunc                  100fa830 f   interop.obj
 0001:000f9950       replicateFunc              100fa950 f   interop.obj
 0001:000f9c2c       properFunc                 100fac2c f   interop.obj
 0001:000f9dc4       sqlite3StrDup              100fadc4 f   interop.obj
 0001:000f9e1c       padlFunc                   100fae1c f   interop.obj
 0001:000fa0d0       padrFunc                   100fb0d0 f   interop.obj
 0001:000fa3ac       padcFunc                   100fb3ac f   interop.obj
 0001:000fa720       strfilterFunc              100fb720 f   interop.obj
 0001:000fa964       sqlite3ReadUtf8            100fb964 f   interop.obj
 0001:000fab08       charindexFunc              100fbb08 f   interop.obj
 0001:000fac78       _substr                    100fbc78 f   interop.obj
 0001:000faf2c       leftFunc                   100fbf2c f   interop.obj
 0001:000fb0e8       rightFunc                  100fc0e8 f   interop.obj
 0001:000fb2d8       reverseFunc                100fc2d8 f   interop.obj
 0001:000fb48c       varianceStep               100fc48c f   interop.obj
 0001:000fb6c0       modeStep                   100fc6c0 f   interop.obj
 0001:000fb980       modeFinalize               100fc980 f   interop.obj
 0001:000fbac4       modeIterate                100fcac4 f   interop.obj
 0001:000fbe3c       medianFinalize             100fce3c f   interop.obj
 0001:000fbee8       _medianFinalize            100fcee8 f   interop.obj
 0001:000fc13c       medianIterate              100fd13c f   interop.obj
 0001:000fc434       lower_quartileFinalize     100fd434 f   interop.obj
 0001:000fc4e4       upper_quartileFinalize     100fd4e4 f   interop.obj
 0001:000fc5b0       stdevFinalize              100fd5b0 f   interop.obj
 0001:000fc6d8       varianceFinalize           100fd6d8 f   interop.obj
 0001:000fc7fc       differenceFunc             100fd7fc f   interop.obj
 0001:000fc9ac       soundex                    100fd9ac f   interop.obj
 0001:000fcb68       lastRowsFunc               100fdb68 f   interop.obj
 0001:000fd504       CreateCryptBlock           100fe504 f   interop.obj
 0001:000fdbc0       sqlite3PagerSetCodec       100febc0 f   interop.obj
 0001:000fdc7c       sqlite3pager_get_codecarg  100fec7c f   interop.obj
 0001:000fdcd0       sqlite3CodecFree           100fecd0 f   interop.obj
 0001:000fdd84       DeriveKey                  100fed84 f   interop.obj
 0001:000fde7c       InitializeProvider         100fee7c f   interop.obj
 0001:000fe3b0       sqlite3InteropDebug        100ff3b0 f   interop.obj
 0001:000fe4c4       sqlite3InteropLogCallback  100ff4c4 f   interop.obj
 0001:000ffcd0       interopTestFunc            10100cd0 f   interop.obj
 0001:0010068c       _initterm                  1010168c f   corelibc:crt0dat.obj
 0001:001006c8       doexit                     101016c8 f   corelibc:crt0dat.obj
